
Allocating common symbols
Common symbol       size              file

netbufpool          0x4               binaries/net.o
readylist           0x2               binaries/ready.o
rfltab              0x5a0             binaries/rflinit.o
netportseed         0x8               binaries/net.o
sleepq              0x2               binaries/clkinit.o
nnames              0x4               binaries/naminit.o
udptab              0x168             binaries/udp.o
minheap             0x4               binaries/meminit.o
marks               0x50              binaries/mark.o
currpid             0x4               binaries/initialize.o
Lf_data             0x20c             binaries/lfsinit.o
porttab             0x2d0             binaries/ptinit.o
girmask             0x2               binaries/evec.o
ttytab              0x110             binaries/ttyinit.o
proctab             0x15e0            binaries/initialize.o
prcount             0x4               binaries/initialize.o
pipetab             0x1e0             binaries/pipe_init.o
lfltab              0xf00             binaries/lflinit.o
rdstab              0x6c0             binaries/rdsinit.o
ethertab            0x130             binaries/ethinit.o
NetData             0xb0              binaries/net.o
nmarks              0x4               binaries/mark.o
initsp              0x4               binaries/i386.o
Defer               0x8               binaries/resched.o
semtab              0x4b0             binaries/initialize.o
maxheap             0x4               binaries/meminit.o
preempt             0x4               binaries/clkinit.o
buftab              0xa0              binaries/bufinit.o
Rf_data             0x18              binaries/rfsinit.o
mkmutex             0x4               binaries/mark.o
clktime             0x4               binaries/clkinit.o
arpcache            0x140             binaries/arp.o
icmptab             0x230             binaries/icmp.o
nbpools             0x4               binaries/bufinit.o
queuetab            0x980             binaries/queue.o
ptnextid            0x4               binaries/ptinit.o
Ram                 0x19000           binaries/raminit.o
ipoqueue            0x2c              binaries/ip.o
memlist             0x8               binaries/initialize.o
nametab             0x5200            binaries/naminit.o
ptfree              0x4               binaries/ptinit.o

Memory Configuration

Name             Origin             Length             Attributes
*default*        0x0000000000000000 0xffffffffffffffff

Linker script and memory map

                0x0000000000100000                physbase = 0x100000
                0x0000000000100000                . = physbase
                0x0000000000100000                . = ALIGN (0x1000)

.text           0x0000000000100000    0x1d000
                0x0000000000100000                text = ABSOLUTE (.)
 *(.text .text.*)
 .text          0x0000000000100000      0x165 binaries/start.o
                0x0000000000100020                entry
                0x000000000010003d                start
                0x00000000001000a5                inb
                0x00000000001000ad                inw
                0x00000000001000b6                inl
                0x00000000001000be                outb
                0x00000000001000c8                outw
                0x00000000001000d3                outl
                0x00000000001000dd                _rtcin
                0x00000000001000e8                ___udivsi3
                0x00000000001000f3                ___divsi3
                0x00000000001000ff                sbzero
                0x000000000010010f                bcopy
                0x0000000000100123                insw
                0x0000000000100139                outsw
                0x000000000010014f                lidt
                0x0000000000100157                jumptocode
                0x000000000010015e                jumptobootcode
 .text          0x0000000000100165      0x405 binaries/ascdate.o
                0x0000000000100165                ascdate
 .text          0x000000000010056a       0x14 binaries/bufinit.o
                0x000000000010056a                bufinit
 .text          0x000000000010057e       0x92 binaries/chprio.o
                0x000000000010057e                chprio
 .text          0x0000000000100610       0x96 binaries/clkhandler.o
                0x0000000000100610                clkhandler
 .text          0x00000000001006a6       0x89 binaries/clkinit.o
                0x00000000001006a6                clkinit
 .text          0x000000000010072f       0x6a binaries/close.o
                0x000000000010072f                close
 .text          0x0000000000100799        0x0 binaries/conf.o
 .text          0x0000000000100799       0x7f binaries/control.o
                0x0000000000100799                control
 .text          0x0000000000100818      0x2a8 binaries/create.o
                0x0000000000100818                create
 .text          0x0000000000100ac0      0x367 binaries/evec.o
                0x0000000000100ac0                initevec
                0x0000000000100b16                set_evec
                0x0000000000100bb8                trap
 .text          0x0000000000100e27       0x15 binaries/exit.o
                0x0000000000100e27                exit
 .text          0x0000000000100e3c       0x7c binaries/freebuf.o
                0x0000000000100e3c                freebuf
 .text          0x0000000000100eb8      0x167 binaries/freemem.o
                0x0000000000100eb8                freemem
 .text          0x000000000010101f       0x7a binaries/getbuf.o
                0x000000000010101f                getbuf
 .text          0x0000000000101099       0x6a binaries/getc.o
                0x0000000000101099                getc
 .text          0x0000000000101103       0x72 binaries/getdev.o
                0x0000000000101103                getdev
 .text          0x0000000000101175       0xc8 binaries/getitem.o
                0x0000000000101175                getfirst
                0x00000000001011b6                getlast
                0x00000000001011f9                getitem
 .text          0x000000000010123d       0xfb binaries/getmem.o
                0x000000000010123d                getmem
 .text          0x0000000000101338        0xa binaries/getpid.o
                0x0000000000101338                getpid
 .text          0x0000000000101342       0x75 binaries/getprio.o
                0x0000000000101342                getprio
 .text          0x00000000001013b7       0xf2 binaries/getstk.o
                0x00000000001013b7                getstk
 .text          0x00000000001014a9       0x16 binaries/getticks.o
                0x00000000001014a9                getticks
 .text          0x00000000001014bf       0x36 binaries/gettime.o
                0x00000000001014bf                gettime
 .text          0x00000000001014f5      0x1f9 binaries/getutime.o
                0x00000000001014f5                getutime
 .text          0x00000000001016ee      0x409 binaries/i386.o
                0x00000000001016ee                setsegs
                0x0000000000101805                init8259
                0x00000000001018da                pseg
                0x0000000000101a9d                setirmask
 .text          0x0000000000101af7       0x6a binaries/init.o
                0x0000000000101af7                init
 .text          0x0000000000101b61      0x3ed binaries/initialize.o
                0x0000000000101b61                nulluser
                0x0000000000101ef9                stop
                0x0000000000101f20                delay
 .text          0x0000000000101f4e       0xdd binaries/insert.o
                0x0000000000101f4e                insert
 .text          0x000000000010202b      0x10f binaries/insertd.o
                0x000000000010202b                insertd
 .text          0x000000000010213a        0xa binaries/ioerr.o
                0x000000000010213a                ioerr
 .text          0x0000000000102144        0xa binaries/ionull.o
                0x0000000000102144                ionull
 .text          0x000000000010214e      0x188 binaries/kill.o
                0x000000000010214e                kill
 .text          0x00000000001022d6      0x17b binaries/kprintf.o
                0x00000000001022d6                kputc
                0x000000000010237f                kgetc
                0x0000000000102424                kprintf
 .text          0x0000000000102451       0xe7 binaries/main.o
                0x0000000000102451                main
 .text          0x0000000000102538      0x10a binaries/mark.o
                0x0000000000102538                markinit
                0x000000000010255b                notmarked
                0x00000000001025aa                mark
 .text          0x0000000000102642       0xca binaries/meminit.o
                0x0000000000102642                meminit
 .text          0x000000000010270c      0x146 binaries/mkbufpool.o
                0x000000000010270c                mkbufpool
 .text          0x0000000000102852       0x94 binaries/newqueue.o
                0x0000000000102852                newqueue
 .text          0x00000000001028e6       0x78 binaries/open.o
                0x00000000001028e6                open
 .text          0x000000000010295e       0x20 binaries/panic.o
                0x000000000010295e                panic
 .text          0x000000000010297e      0x498 binaries/pci.o
                0x000000000010297e                pci_init
                0x0000000000102c4a                find_pci_device
                0x0000000000102c98                pci_bios_read_config_byte
                0x0000000000102cd7                pci_bios_read_config_word
                0x0000000000102d19                pci_bios_read_config_dword
                0x0000000000102d58                pci_bios_write_config_byte
                0x0000000000102d99                pci_bios_write_config_word
                0x0000000000102ddb                pci_bios_write_config_dword
 .text          0x0000000000102e16       0xe6 binaries/ptclear.o
                0x0000000000102e16                _ptclear
 .text          0x0000000000102efc       0x8f binaries/ptcount.o
                0x0000000000102efc                ptcount
 .text          0x0000000000102f8b      0x105 binaries/ptcreate.o
                0x0000000000102f8b                ptcreate
 .text          0x0000000000103090       0x80 binaries/ptdelete.o
                0x0000000000103090                ptdelete
 .text          0x0000000000103110       0xb7 binaries/ptinit.o
                0x0000000000103110                ptinit
 .text          0x00000000001031c7      0x10a binaries/ptrecv.o
                0x00000000001031c7                ptrecv
 .text          0x00000000001032d1       0x78 binaries/ptreset.o
                0x00000000001032d1                ptreset
 .text          0x0000000000103349      0x128 binaries/ptsend.o
                0x0000000000103349                ptsend
 .text          0x0000000000103471       0x78 binaries/putc.o
                0x0000000000103471                putc
 .text          0x00000000001034e9      0x10c binaries/queue.o
                0x00000000001034e9                enqueue
                0x000000000010358c                dequeue
 .text          0x00000000001035f5       0x78 binaries/read.o
                0x00000000001035f5                read
 .text          0x000000000010366d       0x81 binaries/ready.o
                0x000000000010366d                ready
 .text          0x00000000001036ee       0x5f binaries/receive.o
                0x00000000001036ee                receive
 .text          0x000000000010374d       0x5b binaries/recvclr.o
                0x000000000010374d                recvclr
 .text          0x00000000001037a8       0xba binaries/recvtime.o
                0x00000000001037a8                recvtime
 .text          0x0000000000103862      0x169 binaries/resched.o
                0x0000000000103862                resched
                0x0000000000103956                resched_cntl
 .text          0x00000000001039cb       0xa9 binaries/resume.o
                0x00000000001039cb                resume
 .text          0x0000000000103a74       0x71 binaries/seek.o
                0x0000000000103a74                seek
 .text          0x0000000000103ae5       0x69 binaries/semcount.o
                0x0000000000103ae5                semcount
 .text          0x0000000000103b4e       0xcf binaries/semcreate.o
                0x0000000000103b4e                semcreate
 .text          0x0000000000103c1d       0xba binaries/semdelete.o
                0x0000000000103c1d                semdelete
 .text          0x0000000000103cd7       0xbc binaries/semreset.o
                0x0000000000103cd7                semreset
 .text          0x0000000000103d93       0xda binaries/send.o
                0x0000000000103d93                send
 .text          0x0000000000103e6d       0x97 binaries/signal.o
                0x0000000000103e6d                signal
 .text          0x0000000000103f04       0xc3 binaries/signaln.o
                0x0000000000103f04                signaln
 .text          0x0000000000103fc7       0xe5 binaries/sleep.o
                0x0000000000103fc7                sleep
                0x0000000000104011                sleepms
 .text          0x00000000001040ac      0x1b1 binaries/stacktrace.o
                0x00000000001040ac                stacktrace
 .text          0x000000000010425d       0xda binaries/suspend.o
                0x000000000010425d                suspend
 .text          0x0000000000104337       0xdc binaries/unsleep.o
                0x0000000000104337                unsleep
 .text          0x0000000000104413       0x15 binaries/userret.o
                0x0000000000104413                userret
 .text          0x0000000000104428       0xd3 binaries/wait.o
                0x0000000000104428                wait
 .text          0x00000000001044fb       0x68 binaries/wakeup.o
                0x00000000001044fb                wakeup
 .text          0x0000000000104563       0x78 binaries/write.o
                0x0000000000104563                write
 .text          0x00000000001045db       0x19 binaries/xdone.o
                0x00000000001045db                xdone
 .text          0x00000000001045f4       0x25 binaries/yield.o
                0x00000000001045f4                yield
 .text          0x0000000000104619       0x11 binaries/abs.o
                0x0000000000104619                abs
 .text          0x000000000010462a       0x8f binaries/atoi.o
                0x000000000010462a                atoi
 .text          0x00000000001046b9       0x8f binaries/atol.o
                0x00000000001046b9                atol
 .text          0x0000000000104748       0x31 binaries/bzero.o
                0x0000000000104748                bzero
 .text          0x0000000000104779        0x0 binaries/ctype_.o
 .text          0x0000000000104779      0x8f8 binaries/doprnt.o
                0x0000000000104779                _doprnt
 .text          0x0000000000105071      0x6a2 binaries/doscan.o
                0x0000000000105071                _doscan
 .text          0x0000000000105713      0x723 binaries/fdoprnt.o
                0x0000000000105713                _fdoprnt
 .text          0x0000000000105e36       0x26 binaries/fgetc.o
                0x0000000000105e36                fgetc
 .text          0x0000000000105e5c       0x72 binaries/fgets.o
                0x0000000000105e5c                fgets
 .text          0x0000000000105ece       0x34 binaries/fprintf.o
                0x0000000000105ece                fprintf
 .text          0x0000000000105f02       0x2c binaries/fputc.o
                0x0000000000105f02                fputc
 .text          0x0000000000105f2e       0x43 binaries/fputs.o
                0x0000000000105f2e                fputs
 .text          0x0000000000105f71       0x92 binaries/fscanf.o
                0x0000000000105f71                fscanf
 .text          0x0000000000106003       0x2c binaries/getchar.o
                0x0000000000106003                getchar
 .text          0x000000000010602f       0x11 binaries/labs.o
                0x000000000010602f                labs
 .text          0x0000000000106040       0x51 binaries/memcmp.o
                0x0000000000106040                memcmp
 .text          0x0000000000106091       0x3f binaries/memcpy.o
                0x0000000000106091                memcpy
 .text          0x00000000001060d0       0x30 binaries/memset.o
                0x00000000001060d0                memset
 .text          0x0000000000106100       0x4f binaries/printf.o
                0x0000000000106100                printf
 .text          0x000000000010614f       0x33 binaries/putchar.o
                0x000000000010614f                putchar
 .text          0x0000000000106182      0x28c binaries/qsort.o
                0x0000000000106182                qsort
 .text          0x000000000010640e       0x5f binaries/rand.o
                0x000000000010640e                rand
                0x0000000000106422                rand_r
                0x0000000000106460                srand
 .text          0x000000000010646d       0x6f binaries/sprintf.o
                0x000000000010646d                sprintf
 .text          0x00000000001064dc       0x7f binaries/sscanf.o
                0x00000000001064dc                sscanf
 .text          0x000000000010655b       0x3c binaries/strchr.o
                0x000000000010655b                strchr
 .text          0x0000000000106597       0x45 binaries/strcmp.o
                0x0000000000106597                strcmp
 .text          0x00000000001065dc       0x27 binaries/strcpy.o
                0x00000000001065dc                strcpy
 .text          0x0000000000106603       0x26 binaries/strlen.o
                0x0000000000106603                strlen
 .text          0x0000000000106629       0x56 binaries/strncat.o
                0x0000000000106629                strncat
 .text          0x000000000010667f       0x5e binaries/strncmp.o
                0x000000000010667f                strncmp
 .text          0x00000000001066dd       0x4f binaries/strncpy.o
                0x00000000001066dd                strncpy
 .text          0x000000000010672c       0x2e binaries/strnlen.o
                0x000000000010672c                strnlen
 .text          0x000000000010675a       0x45 binaries/strrchr.o
                0x000000000010675a                strrchr
 .text          0x000000000010679f       0x6d binaries/strstr.o
                0x000000000010679f                strstr
 .text          0x000000000010680c       0xdd binaries/ttycontrol.o
                0x000000000010680c                ttycontrol
 .text          0x00000000001068e9       0x98 binaries/ttygetc.o
                0x00000000001068e9                ttygetc
 .text          0x0000000000106981      0x756 binaries/ttyhandle_in.o
                0x0000000000106981                ttyhandle_in
 .text          0x00000000001070d7      0x1ae binaries/ttyhandle_out.o
                0x00000000001070d7                ttyhandle_out
 .text          0x0000000000107285       0xc6 binaries/ttyhandler.o
                0x0000000000107285                ttyhandler
 .text          0x000000000010734b      0x22b binaries/ttyinit.o
                0x000000000010734b                ttyinit
 .text          0x0000000000107576       0x1d binaries/ttykickout.o
                0x0000000000107576                ttykickout
 .text          0x0000000000107593       0xb2 binaries/ttyputc.o
                0x0000000000107593                ttyputc
 .text          0x0000000000107645      0x10f binaries/ttyread.o
                0x0000000000107645                ttyread
 .text          0x0000000000107754       0x4f binaries/ttywrite.o
                0x0000000000107754                ttywrite
 .text          0x00000000001077a3      0x16a binaries/mount.o
                0x00000000001077a3                mount
                0x00000000001078d7                namlen
 .text          0x000000000010790d      0x229 binaries/naminit.o
                0x000000000010790d                naminit
 .text          0x0000000000107b36      0x216 binaries/nammap.o
                0x0000000000107b36                nammap
                0x0000000000107bc7                namrepl
                0x0000000000107cfc                namcpy
 .text          0x0000000000107d4c       0x55 binaries/namopen.o
                0x0000000000107d4c                namopen
 .text          0x0000000000107da1      0xfa3 binaries/82545EMInit.o
                0x0000000000107df8                _82545EMInit
                0x0000000000108b9e                _82545EM_read_phy_reg
                0x0000000000108c6d                _82545EM_write_phy_reg
 .text          0x0000000000108d44      0x24c binaries/ethcontrol.o
                0x0000000000108d9b                ethcontrol
                0x0000000000108f18                ethIrqDisable
                0x0000000000108f54                ethIrqEnable
 .text          0x0000000000108f90      0x241 binaries/ethhandler.o
                0x0000000000109101                ethhandler
 .text          0x00000000001091d1      0x122 binaries/ethinit.o
                0x00000000001091d1                ethinit
 .text          0x00000000001092f3      0x1f0 binaries/ethread.o
                0x000000000010934a                ethread
 .text          0x00000000001094e3      0x19a binaries/ethwrite.o
                0x000000000010953a                ethwrite
 .text          0x000000000010967d       0xab binaries/rdsars.o
                0x000000000010967d                rdsars
 .text          0x0000000000109728      0x2d6 binaries/rdscomm.o
                0x0000000000109728                rdscomm
 .text          0x00000000001099fe      0x367 binaries/rdscontrol.o
                0x00000000001099fe                rdscontrol
 .text          0x0000000000109d65       0x51 binaries/rdsinit.o
                0x0000000000109d65                rdsinit
 .text          0x0000000000109db6      0x3ce binaries/rdsopen.o
                0x0000000000109db6                rdsopen
 .text          0x000000000010a184      0x56e binaries/rdsprocess.o
                0x000000000010a184                rdsprocess
 .text          0x000000000010a6f2      0x5b5 binaries/rdsqfcns.o
                0x000000000010a6f2                rdqadd
                0x000000000010a747                rdqfree
                0x000000000010a7e9                rdcget
                0x000000000010a840                rdcadd
                0x000000000010a969                rdqdump
                0x000000000010ab2c                rdcdump
 .text          0x000000000010aca7       0xcd binaries/rdsread.o
                0x000000000010aca7                rdsread
 .text          0x000000000010ad74       0xcd binaries/rdswrite.o
                0x000000000010ad74                rdswrite
 .text          0x000000000010ae41        0xa binaries/ramclose.o
                0x000000000010ae41                ramclose
 .text          0x000000000010ae4b       0x45 binaries/raminit.o
                0x000000000010ae4b                raminit
 .text          0x000000000010ae90        0xa binaries/ramopen.o
                0x000000000010ae90                ramopen
 .text          0x000000000010ae9a       0x35 binaries/ramread.o
                0x000000000010ae9a                ramread
 .text          0x000000000010aecf       0x36 binaries/ramwrite.o
                0x000000000010aecf                ramwrite
 .text          0x000000000010af05       0x9e binaries/lfdballoc.o
                0x000000000010af05                lfdballoc
 .text          0x000000000010afa3       0x62 binaries/lfdbfree.o
                0x000000000010afa3                lfdbfree
 .text          0x000000000010b005       0xbf binaries/lfflush.o
                0x000000000010b005                lfflush
 .text          0x000000000010b0c4       0xd8 binaries/lfgetmode.o
                0x000000000010b0c4                lfgetmode
 .text          0x000000000010b19c       0x6c binaries/lfiballoc.o
                0x000000000010b19c                lfiballoc
 .text          0x000000000010b208       0x3b binaries/lfibclear.o
                0x000000000010b208                lfibclear
 .text          0x000000000010b243       0xae binaries/lfibget.o
                0x000000000010b243                lfibget
 .text          0x000000000010b2f1       0xe0 binaries/lfibput.o
                0x000000000010b2f1                lfibput
 .text          0x000000000010b3d1       0x93 binaries/lflclose.o
                0x000000000010b3d1                lflclose
 .text          0x000000000010b464       0xb5 binaries/lflcontrol.o
                0x000000000010b464                lflcontrol
 .text          0x000000000010b519       0xdf binaries/lflgetc.o
                0x000000000010b519                lflgetc
 .text          0x000000000010b5f8       0xfb binaries/lflinit.o
                0x000000000010b5f8                lflinit
 .text          0x000000000010b6f3      0x10f binaries/lflputc.o
                0x000000000010b6f3                lflputc
 .text          0x000000000010b802       0x6d binaries/lflread.o
                0x000000000010b802                lflread
 .text          0x000000000010b86f       0x9c binaries/lflseek.o
                0x000000000010b86f                lflseek
 .text          0x000000000010b90b       0x55 binaries/lflwrite.o
                0x000000000010b90b                lflwrite
 .text          0x000000000010b960       0x62 binaries/lfscheck.o
                0x000000000010b960                lfscheck
 .text          0x000000000010b9c2      0x176 binaries/lfsckfmt.o
                0x000000000010b9c2                lfsckfmt
 .text          0x000000000010bb38      0x221 binaries/lfscreate.o
                0x000000000010bb38                lfscreate
 .text          0x000000000010bd59      0x282 binaries/lfsetup.o
                0x000000000010bd59                lfsetup
 .text          0x000000000010bfdb       0x55 binaries/lfsinit.o
                0x000000000010bfdb                lfsinit
 .text          0x000000000010c030      0x3cb binaries/lfsopen.o
                0x000000000010c030                lfsopen
 .text          0x000000000010c3fb      0x161 binaries/lftruncate.o
                0x000000000010c3fb                lftruncate
 .text          0x000000000010c55c      0x1a5 binaries/rflclose.o
                0x000000000010c55c                rflclose
 .text          0x000000000010c701       0x5d binaries/rflgetc.o
                0x000000000010c701                rflgetc
 .text          0x000000000010c75e       0x76 binaries/rflinit.o
                0x000000000010c75e                rflinit
 .text          0x000000000010c7d4       0x39 binaries/rflputc.o
                0x000000000010c7d4                rflputc
 .text          0x000000000010c80d      0x386 binaries/rflread.o
                0x000000000010c80d                rflread
 .text          0x000000000010cb93       0x68 binaries/rflseek.o
                0x000000000010cb93                rflseek
 .text          0x000000000010cbfb      0x336 binaries/rflwrite.o
                0x000000000010cbfb                rflwrite
 .text          0x000000000010cf31      0x22f binaries/rfscomm.o
                0x000000000010cf31                rfscomm
 .text          0x000000000010d160      0x258 binaries/rfscontrol.o
                0x000000000010d160                rfscontrol
 .text          0x000000000010d3b8       0xd8 binaries/rfsgetmode.o
                0x000000000010d3b8                rfsgetmode
 .text          0x000000000010d490       0x61 binaries/rfsinit.o
                0x000000000010d490                rfsinit
 .text          0x000000000010d4f1      0x128 binaries/rfsndmsg.o
                0x000000000010d4f1                rfsndmsg
 .text          0x000000000010d619      0x28d binaries/rfsopen.o
                0x000000000010d619                rfsopen
 .text          0x000000000010d8a6       0xe8 binaries/pipe_close.o
                0x000000000010d8a6                pipe_close
 .text          0x000000000010d98e      0x115 binaries/pipe_getc.o
                0x000000000010d98e                pipe_getc
 .text          0x000000000010daa3       0x38 binaries/pipe_init.o
                0x000000000010daa3                pipe_init
 .text          0x000000000010dadb       0x99 binaries/pipe_open.o
                0x000000000010dadb                pipe_open
 .text          0x000000000010db74       0xa5 binaries/pipe_putc.o
                0x000000000010db74                pipe_putc
 .text          0x000000000010dc19       0x65 binaries/pipe_read.o
                0x000000000010dc19                pipe_read
 .text          0x000000000010dc7e       0x65 binaries/pipe_write.o
                0x000000000010dc7e                pipe_write
 .text          0x000000000010dce3      0x855 binaries/arp.o
                0x000000000010dce3                arp_init
                0x000000000010dd15                arp_resolve
                0x000000000010dfe2                arp_in
                0x000000000010e294                arp_alloc
                0x000000000010e360                arp_ntoh
                0x000000000010e44c                arp_hton
 .text          0x000000000010e538      0x95b binaries/dhcp.o
                0x000000000010e538                dhcp_get_opt_val
                0x000000000010e591                dhcp_bld_bootp_msg
                0x000000000010e6bb                dhcp_bld_disc
                0x000000000010e7b5                dhcp_bld_req
                0x000000000010e932                getlocalip
 .text          0x000000000010ee93      0x6e3 binaries/dns.o
                0x000000000010ee93                dnslookup
 .text          0x000000000010f576       0xe0 binaries/dot2ip.o
                0x000000000010f576                dot2ip
 .text          0x000000000010f656      0x468 binaries/hexdump.o
                0x000000000010f656                hexdump
                0x000000000010f7d9                hexadump
 .text          0x000000000010fabe      0x8c4 binaries/icmp.o
                0x000000000010fabe                icmp_init
                0x000000000010faf4                icmp_in
                0x000000000010fcfc                icmp_register
                0x000000000010fdee                icmp_recv
                0x000000000010ff67                icmp_send
                0x000000000010fffc                icmp_mkpkt
                0x0000000000110117                icmp_release
                0x0000000000110207                icmp_cksum
                0x000000000011029a                icmp_hton
                0x000000000011030e                icmp_ntoh
 .text          0x0000000000110382      0x81d binaries/ip.o
                0x0000000000110382                ip_in
                0x00000000001104ce                ip_send
                0x0000000000110610                ip_local
                0x0000000000110653                ip_out
                0x0000000000110780                ipcksum
                0x0000000000110806                ip_ntoh
                0x00000000001108f2                ip_hton
                0x00000000001109de                ipout
                0x0000000000110b00                ip_enqueue
 .text          0x0000000000110b9f      0x2ed binaries/net.o
                0x0000000000110b9f                net_init
                0x0000000000110cf7                netin
                0x0000000000110da3                eth_hton
                0x0000000000110dcd                eth_ntoh
                0x0000000000110df7                getport
 .text          0x0000000000110e8c     0x1539 binaries/pdump.o
                0x0000000000110e8c                pdump
                0x0000000000111ca8                pdumph
 .text          0x00000000001123c5      0x64a binaries/tftp.o
                0x00000000001123c5                tftp_send1
                0x0000000000112555                tftpget
                0x0000000000112597                tftpget_mb
 .text          0x0000000000112a0f      0xb08 binaries/udp.o
                0x0000000000112a0f                udp_init
                0x0000000000112a43                udp_in
                0x0000000000112b7e                udp_register
                0x0000000000112cb2                udp_recv
                0x0000000000112e38                udp_recvaddr
                0x0000000000112fd6                udp_send
                0x00000000001131a5                udp_sendto
                0x0000000000113340                udp_release
                0x000000000011342d                udp_ntoh
                0x00000000001134a2                udp_hton
 .text          0x0000000000113517      0x187 binaries/addargs.o
                0x0000000000113517                addargs
 .text          0x000000000011369e      0x31b binaries/lexan.o
                0x000000000011369e                lexan
 .text          0x00000000001139b9      0x9cd binaries/shell.o
                0x00000000001139b9                cmdlookup
                0x0000000000113a1c                shell
 .text          0x0000000000114386       0x68 binaries/xsh_argecho.o
                0x0000000000114386                xsh_argecho
 .text          0x00000000001143ee      0x23a binaries/xsh_arp.o
                0x00000000001143ee                xsh_arp
 .text          0x0000000000114628      0x251 binaries/xsh_cat.o
                0x0000000000114628                xsh_cat
 .text          0x0000000000114879       0x5b binaries/xsh_clear.o
                0x0000000000114879                xsh_clear
 .text          0x00000000001148d4      0x2ea binaries/xsh_date.o
                0x00000000001148d4                xsh_date
 .text          0x0000000000114bbe       0xad binaries/xsh_devdump.o
                0x0000000000114bbe                xsh_devdump
 .text          0x0000000000114c6b       0x6c binaries/xsh_echo.o
                0x0000000000114c6b                xsh_echo
 .text          0x0000000000114cd7        0xa binaries/xsh_exit.o
                0x0000000000114cd7                xsh_exit
 .text          0x0000000000114ce1      0x33c binaries/xsh_help.o
                0x0000000000114ce1                xsh_help
 .text          0x000000000011501d      0x23c binaries/xsh_kill.o
                0x000000000011501d                xsh_kill
 .text          0x0000000000115259      0x545 binaries/xsh_ls.o
                0x0000000000115259                xsh_ls
 .text          0x000000000011579e      0x516 binaries/xsh_memdump.o
                0x000000000011579e                xsh_memdump
 .text          0x0000000000115cb4      0x29b binaries/xsh_memstat.o
                0x0000000000115cb4                xsh_memstat
 .text          0x0000000000115f4f      0x5b6 binaries/xsh_netinfo.o
                0x0000000000115f4f                xsh_netinfo
 .text          0x0000000000116505      0x5f8 binaries/xsh_ns.o
                0x0000000000116505                xsh_ns
 .text          0x0000000000116afd      0x3d7 binaries/xsh_ping.o
                0x0000000000116afd                xsh_ping
 .text          0x0000000000116ed4      0x260 binaries/xsh_ps.o
                0x0000000000116ed4                xsh_ps
 .text          0x0000000000117134      0x219 binaries/xsh_sleep.o
                0x0000000000117134                xsh_sleep
 .text          0x000000000011734d      0x26e binaries/xsh_tee.o
                0x000000000011734d                xsh_tee
 .text          0x00000000001175bb      0x2b6 binaries/xsh_udpdump.o
                0x00000000001175bb                xsh_udpdump
 .text          0x0000000000117871      0x590 binaries/xsh_udpecho.o
                0x0000000000117871                xsh_udpecho
 .text          0x0000000000117e01      0x2d5 binaries/xsh_udpserver.o
                0x0000000000117e01                xsh_udpeserver
 .text          0x00000000001180d6      0x1e1 binaries/xsh_uptime.o
                0x00000000001180d6                xsh_uptime
 .text          0x00000000001182b7        0xe binaries/clkdisp.o
                0x00000000001182b7                clkdisp
 .text          0x00000000001182c5       0x19 binaries/ctxsw.o
                0x00000000001182c5                ctxsw
 .text          0x00000000001182de      0x368 binaries/intr.o
                0x00000000001182de                disable
                0x00000000001182e7                restore
                0x00000000001182f5                enable
                0x00000000001182f7                pause
                0x00000000001182fe                halt
                0x0000000000118301                spurious_irq7
                0x0000000000118306                spurious_irq15
                0x0000000000118315                _Xint0
                0x0000000000118320                _Xint1
                0x000000000011832b                _Xint2
                0x0000000000118336                _Xint3
                0x0000000000118341                _Xint4
                0x000000000011834c                _Xint5
                0x0000000000118357                _Xint6
                0x0000000000118362                _Xint7
                0x000000000011836d                _Xint8
                0x0000000000118378                _Xint9
                0x0000000000118383                _Xint10
                0x000000000011838e                _Xint11
                0x000000000011839c                _Xint12
                0x00000000001183aa                _Xint13
                0x00000000001183b8                _Xint14
                0x00000000001183c6                _Xint15
                0x00000000001183d4                _Xint16
                0x00000000001183e2                _Xint17
                0x00000000001183f0                _Xint18
                0x00000000001183fe                _Xint19
                0x000000000011840c                _Xint20
                0x000000000011841a                _Xint21
                0x0000000000118428                _Xint22
                0x0000000000118436                _Xint23
                0x0000000000118444                _Xint24
                0x0000000000118452                _Xint25
                0x0000000000118460                _Xint26
                0x000000000011846e                _Xint27
                0x000000000011847c                _Xint28
                0x000000000011848a                _Xint29
                0x0000000000118498                _Xint30
                0x00000000001184a6                _Xint31
                0x00000000001184b4                _Xint32
                0x00000000001184c2                _Xint33
                0x00000000001184d0                _Xint34
                0x00000000001184de                _Xint35
                0x00000000001184ec                _Xint36
                0x00000000001184fa                _Xint37
                0x0000000000118508                _Xint38
                0x0000000000118516                _Xint39
                0x0000000000118524                _Xint40
                0x0000000000118532                _Xint41
                0x0000000000118540                _Xint42
                0x000000000011854e                _Xint43
                0x000000000011855c                _Xint44
                0x000000000011856a                _Xint45
                0x0000000000118578                _Xint46
                0x0000000000118586                defevec
 .text          0x0000000000118646        0xf binaries/ttydispatch.o
                0x0000000000118646                ttydispatch
 .text          0x0000000000118655       0x13 binaries/ethdispatch.o
                0x0000000000118655                ethdispatch
 *(.rodata .rodata.*)
 .rodata        0x0000000000118668       0x8e binaries/ascdate.o
 .rodata        0x00000000001186f6       0xef binaries/conf.o
 *fill*         0x00000000001187e5        0x3 
 .rodata        0x00000000001187e8      0x22f binaries/evec.o
 *fill*         0x0000000000118a17        0x1 
 .rodata        0x0000000000118a18       0x61 binaries/getutime.o
 *fill*         0x0000000000118a79        0x3 
 .rodata        0x0000000000118a7c       0x90 binaries/i386.o
 .rodata        0x0000000000118b0c      0x184 binaries/initialize.o
 .rodata        0x0000000000118c90       0x20 binaries/kill.o
 .rodata        0x0000000000118cb0       0x2e binaries/main.o
 .rodata        0x0000000000118cde        0xf binaries/panic.o
 *fill*         0x0000000000118ced        0x3 
 .rodata        0x0000000000118cf0      0x1ec binaries/pci.o
 .rodata        0x0000000000118edc       0x1d binaries/ptinit.o
 *fill*         0x0000000000118ef9        0x3 
 .rodata        0x0000000000118efc       0x25 binaries/ptsend.o
 *fill*         0x0000000000118f21        0x3 
 .rodata        0x0000000000118f24       0xb7 binaries/stacktrace.o
 *fill*         0x0000000000118fdb        0x1 
 .rodata        0x0000000000118fdc       0x27 binaries/xdone.o
 *fill*         0x0000000000119003       0x1d 
 .rodata        0x0000000000119020       0x81 binaries/ctype_.o
                0x0000000000119020                _ctype_
 *fill*         0x00000000001190a1        0x3 
 .rodata        0x00000000001190a4       0xee binaries/doprnt.o
 *fill*         0x0000000000119192        0x2 
 .rodata        0x0000000000119194       0x98 binaries/doscan.o
 .rodata        0x000000000011922c       0xae binaries/fdoprnt.o
 *fill*         0x00000000001192da        0x2 
 .rodata        0x00000000001192dc       0x20 binaries/ttycontrol.o
 .rodata        0x00000000001192fc       0x34 binaries/ttyhandler.o
 .rodata        0x0000000000119330       0x14 binaries/mount.o
 .rodata        0x0000000000119344       0x82 binaries/naminit.o
 *fill*         0x00000000001193c6        0x2 
 .rodata        0x00000000001193c8       0x2e binaries/82545EMInit.o
 *fill*         0x00000000001193f6        0x2 
 .rodata        0x00000000001193f8       0x78 binaries/ethinit.o
 .rodata        0x0000000000119470       0x18 binaries/ethread.o
 .rodata        0x0000000000119488       0x76 binaries/rdscomm.o
 *fill*         0x00000000001194fe        0x2 
 .rodata        0x0000000000119500       0x89 binaries/rdscontrol.o
 *fill*         0x0000000000119589        0x3 
 .rodata        0x000000000011958c       0xcf binaries/rdsopen.o
 *fill*         0x000000000011965b        0x1 
 .rodata        0x000000000011965c       0x40 binaries/rdsprocess.o
 .rodata        0x000000000011969c       0xe2 binaries/rdsqfcns.o
 .rodata        0x000000000011977e        0x9 binaries/raminit.o
 *fill*         0x0000000000119787        0x1 
 .rodata        0x0000000000119788       0x36 binaries/lfdballoc.o
 .rodata        0x00000000001197be       0x14 binaries/lfiballoc.o
 *fill*         0x00000000001197d2        0x2 
 .rodata        0x00000000001197d4       0x22 binaries/lflcontrol.o
 *fill*         0x00000000001197f6        0x2 
 .rodata        0x00000000001197f8      0x118 binaries/lfsckfmt.o
 .rodata        0x0000000000119910       0x66 binaries/lfsopen.o
 *fill*         0x0000000000119976        0x2 
 .rodata        0x0000000000119978       0x22 binaries/rflclose.o
 *fill*         0x000000000011999a        0x2 
 .rodata        0x000000000011999c       0x21 binaries/rflread.o
 *fill*         0x00000000001199bd        0x3 
 .rodata        0x00000000001199c0       0x21 binaries/rflwrite.o
 *fill*         0x00000000001199e1        0x3 
 .rodata        0x00000000001199e4       0xa1 binaries/rfscomm.o
 *fill*         0x0000000000119a85        0x3 
 .rodata        0x0000000000119a88       0x3c binaries/rfscontrol.o
 .rodata        0x0000000000119ac4       0x2b binaries/rfsinit.o
 *fill*         0x0000000000119aef        0x1 
 .rodata        0x0000000000119af0       0x2a binaries/rfsndmsg.o
 *fill*         0x0000000000119b1a        0x2 
 .rodata        0x0000000000119b1c       0x21 binaries/rfsopen.o
 *fill*         0x0000000000119b3d        0x3 
 .rodata        0x0000000000119b40       0x3a binaries/arp.o
 *fill*         0x0000000000119b7a        0x2 
 .rodata        0x0000000000119b7c       0xcf binaries/dhcp.o
 .rodata        0x0000000000119c4b       0x24 binaries/dns.o
 *fill*         0x0000000000119c6f        0x1 
 .rodata        0x0000000000119c70       0xc9 binaries/hexdump.o
 *fill*         0x0000000000119d39        0x3 
 .rodata        0x0000000000119d3c       0x29 binaries/icmp.o
 *fill*         0x0000000000119d65        0x3 
 .rodata        0x0000000000119d68       0x52 binaries/ip.o
 *fill*         0x0000000000119dba        0x2 
 .rodata        0x0000000000119dbc       0x4f binaries/net.o
 *fill*         0x0000000000119e0b        0x1 
 .rodata        0x0000000000119e0c      0x26f binaries/pdump.o
 *fill*         0x000000000011a07b        0x1 
 .rodata        0x000000000011a07c      0x154 binaries/tftp.o
 *fill*         0x000000000011a1d0       0x10 
 .rodata        0x000000000011a1e0      0x38f binaries/shell.o
                0x000000000011a280                cmdtab
 .rodata        0x000000000011a56f       0x28 binaries/xsh_argecho.o
 *fill*         0x000000000011a597        0x1 
 .rodata        0x000000000011a598      0x123 binaries/xsh_arp.o
 *fill*         0x000000000011a6bb        0x1 
 .rodata        0x000000000011a6bc       0xc9 binaries/xsh_cat.o
 .rodata        0x000000000011a785       0x19 binaries/xsh_clear.o
 *fill*         0x000000000011a79e        0x2 
 .rodata        0x000000000011a7a0      0x1c3 binaries/xsh_date.o
 .rodata        0x000000000011a963       0x5d binaries/xsh_devdump.o
 .rodata        0x000000000011a9c0        0x9 binaries/xsh_echo.o
 *fill*         0x000000000011a9c9        0x3 
 .rodata        0x000000000011a9cc      0x169 binaries/xsh_help.o
 *fill*         0x000000000011ab35        0x3 
 .rodata        0x000000000011ab38      0x12e binaries/xsh_kill.o
 *fill*         0x000000000011ac66        0x2 
 .rodata        0x000000000011ac68      0x190 binaries/xsh_ls.o
 .rodata        0x000000000011adf8      0x266 binaries/xsh_memdump.o
 *fill*         0x000000000011b05e        0x2 
 .rodata        0x000000000011b060      0x225 binaries/xsh_memstat.o
 *fill*         0x000000000011b285        0x3 
 .rodata        0x000000000011b288      0x1b0 binaries/xsh_netinfo.o
 *fill*         0x000000000011b438        0x8 
 .rodata        0x000000000011b440      0x340 binaries/xsh_ns.o
 .rodata        0x000000000011b780      0x19d binaries/xsh_ping.o
 *fill*         0x000000000011b91d        0x3 
 .rodata        0x000000000011b920      0x1e0 binaries/xsh_ps.o
 .rodata        0x000000000011bb00       0xeb binaries/xsh_sleep.o
 *fill*         0x000000000011bbeb        0x1 
 .rodata        0x000000000011bbec       0x94 binaries/xsh_tee.o
 .rodata        0x000000000011bc80      0x1b8 binaries/xsh_udpdump.o
 .rodata        0x000000000011be38      0x27d binaries/xsh_udpecho.o
 *fill*         0x000000000011c0b5        0x3 
 .rodata        0x000000000011c0b8      0x12b binaries/xsh_udpserver.o
 *fill*         0x000000000011c1e3        0x1 
 .rodata        0x000000000011c1e4      0x105 binaries/xsh_uptime.o
                0x000000000011c2e9                etext = ABSOLUTE (.)
                0x000000000011d000                . = ALIGN (0x1000)
 *fill*         0x000000000011c2e9      0xd17 

.eh_frame       0x000000000011d000     0x2ea4
 .eh_frame      0x000000000011d000       0x40 binaries/ascdate.o
 .eh_frame      0x000000000011d040       0x20 binaries/bufinit.o
                                         0x38 (size before relaxing)
 .eh_frame      0x000000000011d060       0x20 binaries/chprio.o
                                         0x38 (size before relaxing)
 .eh_frame      0x000000000011d080       0x20 binaries/clkhandler.o
                                         0x38 (size before relaxing)
 .eh_frame      0x000000000011d0a0       0x20 binaries/clkinit.o
                                         0x38 (size before relaxing)
 .eh_frame      0x000000000011d0c0       0x20 binaries/close.o
                                         0x38 (size before relaxing)
 .eh_frame      0x000000000011d0e0       0x20 binaries/control.o
                                         0x38 (size before relaxing)
 .eh_frame      0x000000000011d100       0x40 binaries/create.o
                                         0x58 (size before relaxing)
 .eh_frame      0x000000000011d140       0x60 binaries/evec.o
                                         0x78 (size before relaxing)
 .eh_frame      0x000000000011d1a0       0x20 binaries/exit.o
                                         0x38 (size before relaxing)
 .eh_frame      0x000000000011d1c0       0x20 binaries/freebuf.o
                                         0x38 (size before relaxing)
 .eh_frame      0x000000000011d1e0       0x20 binaries/freemem.o
                                         0x38 (size before relaxing)
 .eh_frame      0x000000000011d200       0x20 binaries/getbuf.o
                                         0x38 (size before relaxing)
 .eh_frame      0x000000000011d220       0x20 binaries/getc.o
                                         0x38 (size before relaxing)
 .eh_frame      0x000000000011d240       0x20 binaries/getdev.o
                                         0x38 (size before relaxing)
 .eh_frame      0x000000000011d260       0x60 binaries/getitem.o
                                         0x78 (size before relaxing)
 .eh_frame      0x000000000011d2c0       0x20 binaries/getmem.o
                                         0x38 (size before relaxing)
 .eh_frame      0x000000000011d2e0       0x20 binaries/getpid.o
                                         0x38 (size before relaxing)
 .eh_frame      0x000000000011d300       0x20 binaries/getprio.o
                                         0x38 (size before relaxing)
 .eh_frame      0x000000000011d320       0x20 binaries/getstk.o
                                         0x38 (size before relaxing)
 .eh_frame      0x000000000011d340       0x20 binaries/getticks.o
                                         0x38 (size before relaxing)
 .eh_frame      0x000000000011d360       0x20 binaries/gettime.o
                                         0x38 (size before relaxing)
 .eh_frame      0x000000000011d380       0x20 binaries/getutime.o
                                         0x38 (size before relaxing)
 .eh_frame      0x000000000011d3a0       0x8c binaries/i386.o
                                         0xa4 (size before relaxing)
 .eh_frame      0x000000000011d42c       0x20 binaries/init.o
                                         0x38 (size before relaxing)
 .eh_frame      0x000000000011d44c       0xa0 binaries/initialize.o
                                         0xb8 (size before relaxing)
 .eh_frame      0x000000000011d4ec       0x20 binaries/insert.o
                                         0x38 (size before relaxing)
 .eh_frame      0x000000000011d50c       0x20 binaries/insertd.o
                                         0x38 (size before relaxing)
 .eh_frame      0x000000000011d52c       0x20 binaries/ioerr.o
                                         0x38 (size before relaxing)
 .eh_frame      0x000000000011d54c       0x20 binaries/ionull.o
                                         0x38 (size before relaxing)
 .eh_frame      0x000000000011d56c       0x20 binaries/kill.o
                                         0x38 (size before relaxing)
 .eh_frame      0x000000000011d58c       0x60 binaries/kprintf.o
                                         0x78 (size before relaxing)
 .eh_frame      0x000000000011d5ec       0x1c binaries/main.o
                                         0x34 (size before relaxing)
 .eh_frame      0x000000000011d608       0x60 binaries/mark.o
                                         0x78 (size before relaxing)
 .eh_frame      0x000000000011d668       0x20 binaries/meminit.o
                                         0x38 (size before relaxing)
 .eh_frame      0x000000000011d688       0x20 binaries/mkbufpool.o
                                         0x38 (size before relaxing)
 .eh_frame      0x000000000011d6a8       0x20 binaries/newqueue.o
                                         0x38 (size before relaxing)
 .eh_frame      0x000000000011d6c8       0x20 binaries/open.o
                                         0x38 (size before relaxing)
 .eh_frame      0x000000000011d6e8       0x1c binaries/panic.o
                                         0x34 (size before relaxing)
 .eh_frame      0x000000000011d704      0x1c8 binaries/pci.o
                                        0x1e0 (size before relaxing)
 .eh_frame      0x000000000011d8cc       0x20 binaries/ptclear.o
                                         0x38 (size before relaxing)
 .eh_frame      0x000000000011d8ec       0x20 binaries/ptcount.o
                                         0x38 (size before relaxing)
 .eh_frame      0x000000000011d90c       0x20 binaries/ptcreate.o
                                         0x38 (size before relaxing)
 .eh_frame      0x000000000011d92c       0x20 binaries/ptdelete.o
                                         0x38 (size before relaxing)
 .eh_frame      0x000000000011d94c       0x20 binaries/ptinit.o
                                         0x38 (size before relaxing)
 .eh_frame      0x000000000011d96c       0x20 binaries/ptrecv.o
                                         0x38 (size before relaxing)
 .eh_frame      0x000000000011d98c       0x20 binaries/ptreset.o
                                         0x38 (size before relaxing)
 .eh_frame      0x000000000011d9ac       0x20 binaries/ptsend.o
                                         0x38 (size before relaxing)
 .eh_frame      0x000000000011d9cc       0x20 binaries/putc.o
                                         0x38 (size before relaxing)
 .eh_frame      0x000000000011d9ec       0x40 binaries/queue.o
                                         0x58 (size before relaxing)
 .eh_frame      0x000000000011da2c       0x20 binaries/read.o
                                         0x38 (size before relaxing)
 .eh_frame      0x000000000011da4c       0x24 binaries/ready.o
                                         0x3c (size before relaxing)
 .eh_frame      0x000000000011da70       0x20 binaries/receive.o
                                         0x38 (size before relaxing)
 .eh_frame      0x000000000011da90       0x20 binaries/recvclr.o
                                         0x38 (size before relaxing)
 .eh_frame      0x000000000011dab0       0x20 binaries/recvtime.o
                                         0x38 (size before relaxing)
 .eh_frame      0x000000000011dad0       0x40 binaries/resched.o
                                         0x58 (size before relaxing)
 .eh_frame      0x000000000011db10       0x20 binaries/resume.o
                                         0x38 (size before relaxing)
 .eh_frame      0x000000000011db30       0x20 binaries/seek.o
                                         0x38 (size before relaxing)
 .eh_frame      0x000000000011db50       0x20 binaries/semcount.o
                                         0x38 (size before relaxing)
 .eh_frame      0x000000000011db70       0x40 binaries/semcreate.o
                                         0x58 (size before relaxing)
 .eh_frame      0x000000000011dbb0       0x20 binaries/semdelete.o
                                         0x38 (size before relaxing)
 .eh_frame      0x000000000011dbd0       0x20 binaries/semreset.o
                                         0x38 (size before relaxing)
 .eh_frame      0x000000000011dbf0       0x20 binaries/send.o
                                         0x38 (size before relaxing)
 .eh_frame      0x000000000011dc10       0x20 binaries/signal.o
                                         0x38 (size before relaxing)
 .eh_frame      0x000000000011dc30       0x20 binaries/signaln.o
                                         0x38 (size before relaxing)
 .eh_frame      0x000000000011dc50       0x40 binaries/sleep.o
                                         0x58 (size before relaxing)
 .eh_frame      0x000000000011dc90       0x20 binaries/stacktrace.o
                                         0x38 (size before relaxing)
 .eh_frame      0x000000000011dcb0       0x20 binaries/suspend.o
                                         0x38 (size before relaxing)
 .eh_frame      0x000000000011dcd0       0x20 binaries/unsleep.o
                                         0x38 (size before relaxing)
 .eh_frame      0x000000000011dcf0       0x20 binaries/userret.o
                                         0x38 (size before relaxing)
 .eh_frame      0x000000000011dd10       0x20 binaries/wait.o
                                         0x38 (size before relaxing)
 .eh_frame      0x000000000011dd30       0x20 binaries/wakeup.o
                                         0x38 (size before relaxing)
 .eh_frame      0x000000000011dd50       0x20 binaries/write.o
                                         0x38 (size before relaxing)
 .eh_frame      0x000000000011dd70       0x20 binaries/xdone.o
                                         0x38 (size before relaxing)
 .eh_frame      0x000000000011dd90       0x20 binaries/yield.o
                                         0x38 (size before relaxing)
 .eh_frame      0x000000000011ddb0       0x20 binaries/abs.o
                                         0x38 (size before relaxing)
 .eh_frame      0x000000000011ddd0       0x20 binaries/atoi.o
                                         0x38 (size before relaxing)
 .eh_frame      0x000000000011ddf0       0x20 binaries/atol.o
                                         0x38 (size before relaxing)
 .eh_frame      0x000000000011de10       0x20 binaries/bzero.o
                                         0x38 (size before relaxing)
 .eh_frame      0x000000000011de30       0xe4 binaries/doprnt.o
                                         0xfc (size before relaxing)
 .eh_frame      0x000000000011df14       0xb0 binaries/doscan.o
                                         0xc8 (size before relaxing)
 .eh_frame      0x000000000011dfc4       0xc0 binaries/fdoprnt.o
                                         0xd8 (size before relaxing)
 .eh_frame      0x000000000011e084       0x20 binaries/fgetc.o
                                         0x38 (size before relaxing)
 .eh_frame      0x000000000011e0a4       0x20 binaries/fgets.o
                                         0x38 (size before relaxing)
 .eh_frame      0x000000000011e0c4       0x20 binaries/fprintf.o
                                         0x38 (size before relaxing)
 .eh_frame      0x000000000011e0e4       0x20 binaries/fputc.o
                                         0x38 (size before relaxing)
 .eh_frame      0x000000000011e104       0x20 binaries/fputs.o
                                         0x38 (size before relaxing)
 .eh_frame      0x000000000011e124       0x60 binaries/fscanf.o
                                         0x78 (size before relaxing)
 .eh_frame      0x000000000011e184       0x20 binaries/getchar.o
                                         0x38 (size before relaxing)
 .eh_frame      0x000000000011e1a4       0x20 binaries/labs.o
                                         0x38 (size before relaxing)
 .eh_frame      0x000000000011e1c4       0x20 binaries/memcmp.o
                                         0x38 (size before relaxing)
 .eh_frame      0x000000000011e1e4       0x24 binaries/memcpy.o
                                         0x3c (size before relaxing)
 .eh_frame      0x000000000011e208       0x24 binaries/memset.o
                                         0x3c (size before relaxing)
 .eh_frame      0x000000000011e22c       0x20 binaries/printf.o
                                         0x38 (size before relaxing)
 .eh_frame      0x000000000011e24c       0x20 binaries/putchar.o
                                         0x38 (size before relaxing)
 .eh_frame      0x000000000011e26c       0xa8 binaries/qsort.o
                                         0xc0 (size before relaxing)
 .eh_frame      0x000000000011e314       0x60 binaries/rand.o
                                         0x78 (size before relaxing)
 .eh_frame      0x000000000011e374       0x40 binaries/sprintf.o
                                         0x58 (size before relaxing)
 .eh_frame      0x000000000011e3b4       0x60 binaries/sscanf.o
                                         0x78 (size before relaxing)
 .eh_frame      0x000000000011e414       0x20 binaries/strchr.o
                                         0x38 (size before relaxing)
 .eh_frame      0x000000000011e434       0x20 binaries/strcmp.o
                                         0x38 (size before relaxing)
 .eh_frame      0x000000000011e454       0x20 binaries/strcpy.o
                                         0x38 (size before relaxing)
 .eh_frame      0x000000000011e474       0x20 binaries/strlen.o
                                         0x38 (size before relaxing)
 .eh_frame      0x000000000011e494       0x20 binaries/strncat.o
                                         0x38 (size before relaxing)
 .eh_frame      0x000000000011e4b4       0x20 binaries/strncmp.o
                                         0x38 (size before relaxing)
 .eh_frame      0x000000000011e4d4       0x28 binaries/strncpy.o
                                         0x40 (size before relaxing)
 .eh_frame      0x000000000011e4fc       0x20 binaries/strnlen.o
                                         0x38 (size before relaxing)
 .eh_frame      0x000000000011e51c       0x20 binaries/strrchr.o
                                         0x38 (size before relaxing)
 .eh_frame      0x000000000011e53c       0x20 binaries/strstr.o
                                         0x38 (size before relaxing)
 .eh_frame      0x000000000011e55c       0x20 binaries/ttycontrol.o
                                         0x38 (size before relaxing)
 .eh_frame      0x000000000011e57c       0x20 binaries/ttygetc.o
                                         0x38 (size before relaxing)
 .eh_frame      0x000000000011e59c       0x80 binaries/ttyhandle_in.o
                                         0x98 (size before relaxing)
 .eh_frame      0x000000000011e61c       0x20 binaries/ttyhandle_out.o
                                         0x38 (size before relaxing)
 .eh_frame      0x000000000011e63c       0x20 binaries/ttyhandler.o
                                         0x38 (size before relaxing)
 .eh_frame      0x000000000011e65c       0x20 binaries/ttyinit.o
                                         0x38 (size before relaxing)
 .eh_frame      0x000000000011e67c       0x20 binaries/ttykickout.o
                                         0x38 (size before relaxing)
 .eh_frame      0x000000000011e69c       0x20 binaries/ttyputc.o
                                         0x38 (size before relaxing)
 .eh_frame      0x000000000011e6bc       0x28 binaries/ttyread.o
                                         0x40 (size before relaxing)
 .eh_frame      0x000000000011e6e4       0x20 binaries/ttywrite.o
                                         0x38 (size before relaxing)
 .eh_frame      0x000000000011e704       0x40 binaries/mount.o
                                         0x58 (size before relaxing)
 .eh_frame      0x000000000011e744       0x20 binaries/naminit.o
                                         0x38 (size before relaxing)
 .eh_frame      0x000000000011e764       0x60 binaries/nammap.o
                                         0x78 (size before relaxing)
 .eh_frame      0x000000000011e7c4       0x20 binaries/namopen.o
                                         0x38 (size before relaxing)
 .eh_frame      0x000000000011e7e4      0x150 binaries/82545EMInit.o
                                        0x168 (size before relaxing)
 .eh_frame      0x000000000011e934       0xa0 binaries/ethcontrol.o
                                         0xb8 (size before relaxing)
 .eh_frame      0x000000000011e9d4       0x80 binaries/ethhandler.o
                                         0x98 (size before relaxing)
 .eh_frame      0x000000000011ea54       0x20 binaries/ethinit.o
                                         0x38 (size before relaxing)
 .eh_frame      0x000000000011ea74       0x60 binaries/ethread.o
                                         0x78 (size before relaxing)
 .eh_frame      0x000000000011ead4       0x60 binaries/ethwrite.o
                                         0x78 (size before relaxing)
 .eh_frame      0x000000000011eb34       0x20 binaries/rdsars.o
                                         0x38 (size before relaxing)
 .eh_frame      0x000000000011eb54       0x20 binaries/rdscomm.o
                                         0x38 (size before relaxing)
 .eh_frame      0x000000000011eb74       0x20 binaries/rdscontrol.o
                                         0x38 (size before relaxing)
 .eh_frame      0x000000000011eb94       0x20 binaries/rdsinit.o
                                         0x38 (size before relaxing)
 .eh_frame      0x000000000011ebb4       0x20 binaries/rdsopen.o
                                         0x38 (size before relaxing)
 .eh_frame      0x000000000011ebd4       0x1c binaries/rdsprocess.o
                                         0x34 (size before relaxing)
 .eh_frame      0x000000000011ebf0       0xc0 binaries/rdsqfcns.o
                                         0xd8 (size before relaxing)
 .eh_frame      0x000000000011ecb0       0x20 binaries/rdsread.o
                                         0x38 (size before relaxing)
 .eh_frame      0x000000000011ecd0       0x20 binaries/rdswrite.o
                                         0x38 (size before relaxing)
 .eh_frame      0x000000000011ecf0       0x20 binaries/ramclose.o
                                         0x38 (size before relaxing)
 .eh_frame      0x000000000011ed10       0x20 binaries/raminit.o
                                         0x38 (size before relaxing)
 .eh_frame      0x000000000011ed30       0x20 binaries/ramopen.o
                                         0x38 (size before relaxing)
 .eh_frame      0x000000000011ed50       0x20 binaries/ramread.o
                                         0x38 (size before relaxing)
 .eh_frame      0x000000000011ed70       0x20 binaries/ramwrite.o
                                         0x38 (size before relaxing)
 .eh_frame      0x000000000011ed90       0x20 binaries/lfdballoc.o
                                         0x38 (size before relaxing)
 .eh_frame      0x000000000011edb0       0x20 binaries/lfdbfree.o
                                         0x38 (size before relaxing)
 .eh_frame      0x000000000011edd0       0x20 binaries/lfflush.o
                                         0x38 (size before relaxing)
 .eh_frame      0x000000000011edf0       0x20 binaries/lfgetmode.o
                                         0x38 (size before relaxing)
 .eh_frame      0x000000000011ee10       0x20 binaries/lfiballoc.o
                                         0x38 (size before relaxing)
 .eh_frame      0x000000000011ee30       0x20 binaries/lfibclear.o
                                         0x38 (size before relaxing)
 .eh_frame      0x000000000011ee50       0x20 binaries/lfibget.o
                                         0x38 (size before relaxing)
 .eh_frame      0x000000000011ee70       0x20 binaries/lfibput.o
                                         0x38 (size before relaxing)
 .eh_frame      0x000000000011ee90       0x20 binaries/lflclose.o
                                         0x38 (size before relaxing)
 .eh_frame      0x000000000011eeb0       0x20 binaries/lflcontrol.o
                                         0x38 (size before relaxing)
 .eh_frame      0x000000000011eed0       0x20 binaries/lflgetc.o
                                         0x38 (size before relaxing)
 .eh_frame      0x000000000011eef0       0x20 binaries/lflinit.o
                                         0x38 (size before relaxing)
 .eh_frame      0x000000000011ef10       0x20 binaries/lflputc.o
                                         0x38 (size before relaxing)
 .eh_frame      0x000000000011ef30       0x20 binaries/lflread.o
                                         0x38 (size before relaxing)
 .eh_frame      0x000000000011ef50       0x20 binaries/lflseek.o
                                         0x38 (size before relaxing)
 .eh_frame      0x000000000011ef70       0x20 binaries/lflwrite.o
                                         0x38 (size before relaxing)
 .eh_frame      0x000000000011ef90       0x20 binaries/lfscheck.o
                                         0x38 (size before relaxing)
 .eh_frame      0x000000000011efb0       0x20 binaries/lfsckfmt.o
                                         0x38 (size before relaxing)
 .eh_frame      0x000000000011efd0       0x20 binaries/lfscreate.o
                                         0x38 (size before relaxing)
 .eh_frame      0x000000000011eff0       0x20 binaries/lfsetup.o
                                         0x38 (size before relaxing)
 .eh_frame      0x000000000011f010       0x20 binaries/lfsinit.o
                                         0x38 (size before relaxing)
 .eh_frame      0x000000000011f030       0x20 binaries/lfsopen.o
                                         0x38 (size before relaxing)
 .eh_frame      0x000000000011f050       0x20 binaries/lftruncate.o
                                         0x38 (size before relaxing)
 .eh_frame      0x000000000011f070       0x20 binaries/rflclose.o
                                         0x38 (size before relaxing)
 .eh_frame      0x000000000011f090       0x20 binaries/rflgetc.o
                                         0x38 (size before relaxing)
 .eh_frame      0x000000000011f0b0       0x20 binaries/rflinit.o
                                         0x38 (size before relaxing)
 .eh_frame      0x000000000011f0d0       0x20 binaries/rflputc.o
                                         0x38 (size before relaxing)
 .eh_frame      0x000000000011f0f0       0x20 binaries/rflread.o
                                         0x38 (size before relaxing)
 .eh_frame      0x000000000011f110       0x20 binaries/rflseek.o
                                         0x38 (size before relaxing)
 .eh_frame      0x000000000011f130       0x20 binaries/rflwrite.o
                                         0x38 (size before relaxing)
 .eh_frame      0x000000000011f150       0x20 binaries/rfscomm.o
                                         0x38 (size before relaxing)
 .eh_frame      0x000000000011f170       0x20 binaries/rfscontrol.o
                                         0x38 (size before relaxing)
 .eh_frame      0x000000000011f190       0x20 binaries/rfsgetmode.o
                                         0x38 (size before relaxing)
 .eh_frame      0x000000000011f1b0       0x20 binaries/rfsinit.o
                                         0x38 (size before relaxing)
 .eh_frame      0x000000000011f1d0       0x20 binaries/rfsndmsg.o
                                         0x38 (size before relaxing)
 .eh_frame      0x000000000011f1f0       0x20 binaries/rfsopen.o
                                         0x38 (size before relaxing)
 .eh_frame      0x000000000011f210       0x20 binaries/pipe_close.o
                                         0x38 (size before relaxing)
 .eh_frame      0x000000000011f230       0x20 binaries/pipe_getc.o
                                         0x38 (size before relaxing)
 .eh_frame      0x000000000011f250       0x20 binaries/pipe_init.o
                                         0x38 (size before relaxing)
 .eh_frame      0x000000000011f270       0x20 binaries/pipe_open.o
                                         0x38 (size before relaxing)
 .eh_frame      0x000000000011f290       0x20 binaries/pipe_putc.o
                                         0x38 (size before relaxing)
 .eh_frame      0x000000000011f2b0       0x20 binaries/pipe_read.o
                                         0x38 (size before relaxing)
 .eh_frame      0x000000000011f2d0       0x20 binaries/pipe_write.o
                                         0x38 (size before relaxing)
 .eh_frame      0x000000000011f2f0       0xc0 binaries/arp.o
                                         0xd8 (size before relaxing)
 .eh_frame      0x000000000011f3b0       0xa0 binaries/dhcp.o
                                         0xb8 (size before relaxing)
 .eh_frame      0x000000000011f450       0x80 binaries/dns.o
                                         0x98 (size before relaxing)
 .eh_frame      0x000000000011f4d0       0x20 binaries/dot2ip.o
                                         0x38 (size before relaxing)
 .eh_frame      0x000000000011f4f0       0x40 binaries/hexdump.o
                                         0x58 (size before relaxing)
 .eh_frame      0x000000000011f530      0x150 binaries/icmp.o
                                        0x168 (size before relaxing)
 .eh_frame      0x000000000011f680      0x11c binaries/ip.o
                                        0x134 (size before relaxing)
 .eh_frame      0x000000000011f79c       0xa0 binaries/net.o
                                         0xb8 (size before relaxing)
 .eh_frame      0x000000000011f83c       0x60 binaries/pdump.o
                                         0x78 (size before relaxing)
 .eh_frame      0x000000000011f89c       0x60 binaries/tftp.o
                                         0x78 (size before relaxing)
 .eh_frame      0x000000000011f8fc      0x140 binaries/udp.o
                                        0x158 (size before relaxing)
 .eh_frame      0x000000000011fa3c       0x28 binaries/addargs.o
                                         0x40 (size before relaxing)
 .eh_frame      0x000000000011fa64       0x20 binaries/lexan.o
                                         0x38 (size before relaxing)
 .eh_frame      0x000000000011fa84       0x50 binaries/shell.o
                                         0x68 (size before relaxing)
 .eh_frame      0x000000000011fad4       0x20 binaries/xsh_argecho.o
                                         0x38 (size before relaxing)
 .eh_frame      0x000000000011faf4       0x40 binaries/xsh_arp.o
                                         0x58 (size before relaxing)
 .eh_frame      0x000000000011fb34       0x20 binaries/xsh_cat.o
                                         0x38 (size before relaxing)
 .eh_frame      0x000000000011fb54       0x20 binaries/xsh_clear.o
                                         0x38 (size before relaxing)
 .eh_frame      0x000000000011fb74       0x20 binaries/xsh_date.o
                                         0x38 (size before relaxing)
 .eh_frame      0x000000000011fb94       0x20 binaries/xsh_devdump.o
                                         0x38 (size before relaxing)
 .eh_frame      0x000000000011fbb4       0x20 binaries/xsh_echo.o
                                         0x38 (size before relaxing)
 .eh_frame      0x000000000011fbd4       0x20 binaries/xsh_exit.o
                                         0x38 (size before relaxing)
 .eh_frame      0x000000000011fbf4       0x2c binaries/xsh_help.o
                                         0x44 (size before relaxing)
 .eh_frame      0x000000000011fc20       0x20 binaries/xsh_kill.o
                                         0x38 (size before relaxing)
 .eh_frame      0x000000000011fc40       0x2c binaries/xsh_ls.o
                                         0x44 (size before relaxing)
 .eh_frame      0x000000000011fc6c       0x40 binaries/xsh_memdump.o
                                         0x58 (size before relaxing)
 .eh_frame      0x000000000011fcac       0x60 binaries/xsh_memstat.o
                                         0x78 (size before relaxing)
 .eh_frame      0x000000000011fd0c       0x30 binaries/xsh_netinfo.o
                                         0x48 (size before relaxing)
 .eh_frame      0x000000000011fd3c       0x30 binaries/xsh_ns.o
                                         0x48 (size before relaxing)
 .eh_frame      0x000000000011fd6c       0x28 binaries/xsh_ping.o
                                         0x40 (size before relaxing)
 .eh_frame      0x000000000011fd94       0x30 binaries/xsh_ps.o
                                         0x48 (size before relaxing)
 .eh_frame      0x000000000011fdc4       0x20 binaries/xsh_sleep.o
                                         0x38 (size before relaxing)
 .eh_frame      0x000000000011fde4       0x28 binaries/xsh_tee.o
                                         0x40 (size before relaxing)
 .eh_frame      0x000000000011fe0c       0x20 binaries/xsh_udpdump.o
                                         0x38 (size before relaxing)
 .eh_frame      0x000000000011fe2c       0x30 binaries/xsh_udpecho.o
                                         0x48 (size before relaxing)
 .eh_frame      0x000000000011fe5c       0x28 binaries/xsh_udpserver.o
                                         0x40 (size before relaxing)
 .eh_frame      0x000000000011fe84       0x20 binaries/xsh_uptime.o
                                         0x38 (size before relaxing)

.iplt           0x000000000011fea4        0x0
 .iplt          0x000000000011fea4        0x0 binaries/start.o

.rel.dyn        0x000000000011fea4        0x0
 .rel.got       0x000000000011fea4        0x0 binaries/start.o
 .rel.iplt      0x000000000011fea4        0x0 binaries/start.o
 .rel.text      0x000000000011fea4        0x0 binaries/start.o

.data           0x000000000011fec0     0x1140
                0x000000000011fec0                data = ABSOLUTE (.)
 *(.data .data.*)
 .data          0x000000000011fec0      0x460 binaries/start.o
                0x000000000011fec0                gdt
                0x000000000011ff00                gdtr
                0x000000000011ff06                idt
                0x0000000000120306                idtr
                0x000000000012030c                cpudelay
                0x0000000000120310                _bootdev
                0x0000000000120314                _cyloffset
 .data          0x0000000000120320       0x88 binaries/ascdate.o
                0x0000000000120320                Date
 .data          0x00000000001203a8        0x0 binaries/bufinit.o
 .data          0x00000000001203a8        0x0 binaries/chprio.o
 .data          0x00000000001203a8        0x4 binaries/clkhandler.o
 .data          0x00000000001203ac        0x0 binaries/clkinit.o
 .data          0x00000000001203ac        0x0 binaries/close.o
 *fill*         0x00000000001203ac       0x14 
 .data          0x00000000001203c0      0x834 binaries/conf.o
                0x00000000001203c0                devtab
 .data          0x0000000000120bf4        0x0 binaries/control.o
 .data          0x0000000000120bf4        0x4 binaries/create.o
 *fill*         0x0000000000120bf8        0x8 
 .data          0x0000000000120c00       0x40 binaries/evec.o
                0x0000000000120c00                inames
 .data          0x0000000000120c40        0x0 binaries/exit.o
 .data          0x0000000000120c40        0x0 binaries/freebuf.o
 .data          0x0000000000120c40        0x0 binaries/freemem.o
 .data          0x0000000000120c40        0x0 binaries/getbuf.o
 .data          0x0000000000120c40        0x0 binaries/getc.o
 .data          0x0000000000120c40        0x0 binaries/getdev.o
 .data          0x0000000000120c40        0x0 binaries/getitem.o
[...]
 .comment       0x0000000000000023       0x24 binaries/xsh_arp.o
 .comment       0x0000000000000023       0x24 binaries/xsh_cat.o
 .comment       0x0000000000000023       0x24 binaries/xsh_clear.o
 .comment       0x0000000000000023       0x24 binaries/xsh_date.o
 .comment       0x0000000000000023       0x24 binaries/xsh_devdump.o
 .comment       0x0000000000000023       0x24 binaries/xsh_echo.o
 .comment       0x0000000000000023       0x24 binaries/xsh_exit.o
 .comment       0x0000000000000023       0x24 binaries/xsh_help.o
 .comment       0x0000000000000023       0x24 binaries/xsh_kill.o
 .comment       0x0000000000000023       0x24 binaries/xsh_ls.o
 .comment       0x0000000000000023       0x24 binaries/xsh_memdump.o
 .comment       0x0000000000000023       0x24 binaries/xsh_memstat.o
 .comment       0x0000000000000023       0x24 binaries/xsh_netinfo.o
 .comment       0x0000000000000023       0x24 binaries/xsh_ns.o
 .comment       0x0000000000000023       0x24 binaries/xsh_ping.o
 .comment       0x0000000000000023       0x24 binaries/xsh_ps.o
 .comment       0x0000000000000023       0x24 binaries/xsh_sleep.o
 .comment       0x0000000000000023       0x24 binaries/xsh_tee.o
 .comment       0x0000000000000023       0x24 binaries/xsh_udpdump.o
 .comment       0x0000000000000023       0x24 binaries/xsh_udpecho.o
 .comment       0x0000000000000023       0x24 binaries/xsh_udpserver.o
 .comment       0x0000000000000023       0x24 binaries/xsh_uptime.o

.note.GNU-stack
                0x0000000000000000        0x0
 .note.GNU-stack
                0x0000000000000000        0x0 binaries/ascdate.o
 .note.GNU-stack
                0x0000000000000000        0x0 binaries/bufinit.o
 .note.GNU-stack
                0x0000000000000000        0x0 binaries/chprio.o
 .note.GNU-stack
                0x0000000000000000        0x0 binaries/clkhandler.o
 .note.GNU-stack
                0x0000000000000000        0x0 binaries/clkinit.o
 .note.GNU-stack
                0x0000000000000000        0x0 binaries/close.o
 .note.GNU-stack
                0x0000000000000000        0x0 binaries/conf.o
 .note.GNU-stack
                0x0000000000000000        0x0 binaries/control.o
 .note.GNU-stack
                0x0000000000000000        0x0 binaries/create.o
 .note.GNU-stack
                0x0000000000000000        0x0 binaries/evec.o
 .note.GNU-stack
                0x0000000000000000        0x0 binaries/exit.o
 .note.GNU-stack
                0x0000000000000000        0x0 binaries/freebuf.o
 .note.GNU-stack
                0x0000000000000000        0x0 binaries/freemem.o
 .note.GNU-stack
                0x0000000000000000        0x0 binaries/getbuf.o
 .note.GNU-stack
                0x0000000000000000        0x0 binaries/getc.o
 .note.GNU-stack
                0x0000000000000000        0x0 binaries/getdev.o
 .note.GNU-stack
                0x0000000000000000        0x0 binaries/getitem.o
 .note.GNU-stack
                0x0000000000000000        0x0 binaries/getmem.o
 .note.GNU-stack
                0x0000000000000000        0x0 binaries/getpid.o
 .note.GNU-stack
                0x0000000000000000        0x0 binaries/getprio.o
 .note.GNU-stack
                0x0000000000000000        0x0 binaries/getstk.o
 .note.GNU-stack
                0x0000000000000000        0x0 binaries/getticks.o
 .note.GNU-stack
                0x0000000000000000        0x0 binaries/gettime.o
 .note.GNU-stack
                0x0000000000000000        0x0 binaries/getutime.o
 .note.GNU-stack
                0x0000000000000000        0x0 binaries/i386.o
 .note.GNU-stack
                0x0000000000000000        0x0 binaries/init.o
 .note.GNU-stack
                0x0000000000000000        0x0 binaries/initialize.o
 .note.GNU-stack
                0x0000000000000000        0x0 binaries/insert.o
 .note.GNU-stack
                0x0000000000000000        0x0 binaries/insertd.o
 .note.GNU-stack
                0x0000000000000000        0x0 binaries/ioerr.o
 .note.GNU-stack
                0x0000000000000000        0x0 binaries/ionull.o
 .note.GNU-stack
                0x0000000000000000        0x0 binaries/kill.o
 .note.GNU-stack
                0x0000000000000000        0x0 binaries/kprintf.o
 .note.GNU-stack
                0x0000000000000000        0x0 binaries/main.o
 .note.GNU-stack
                0x0000000000000000        0x0 binaries/mark.o
 .note.GNU-stack
                0x0000000000000000        0x0 binaries/meminit.o
 .note.GNU-stack
                0x0000000000000000        0x0 binaries/mkbufpool.o
 .note.GNU-stack
                0x0000000000000000        0x0 binaries/newqueue.o
 .note.GNU-stack
                0x0000000000000000        0x0 binaries/open.o
 .note.GNU-stack
                0x0000000000000000        0x0 binaries/panic.o
 .note.GNU-stack
                0x0000000000000000        0x0 binaries/pci.o
 .note.GNU-stack
                0x0000000000000000        0x0 binaries/ptclear.o
 .note.GNU-stack
                0x0000000000000000        0x0 binaries/ptcount.o
 .note.GNU-stack
                0x0000000000000000        0x0 binaries/ptcreate.o
 .note.GNU-stack
                0x0000000000000000        0x0 binaries/ptdelete.o
 .note.GNU-stack
                0x0000000000000000        0x0 binaries/ptinit.o
 .note.GNU-stack
                0x0000000000000000        0x0 binaries/ptrecv.o
 .note.GNU-stack
                0x0000000000000000        0x0 binaries/ptreset.o
 .note.GNU-stack
                0x0000000000000000        0x0 binaries/ptsend.o
 .note.GNU-stack
                0x0000000000000000        0x0 binaries/putc.o
 .note.GNU-stack
                0x0000000000000000        0x0 binaries/queue.o
 .note.GNU-stack
                0x0000000000000000        0x0 binaries/read.o
 .note.GNU-stack
                0x0000000000000000        0x0 binaries/ready.o
 .note.GNU-stack
                0x0000000000000000        0x0 binaries/receive.o
 .note.GNU-stack
                0x0000000000000000        0x0 binaries/recvclr.o
 .note.GNU-stack
                0x0000000000000000        0x0 binaries/recvtime.o
 .note.GNU-stack
                0x0000000000000000        0x0 binaries/resched.o
 .note.GNU-stack
                0x0000000000000000        0x0 binaries/resume.o
 .note.GNU-stack
                0x0000000000000000        0x0 binaries/seek.o
 .note.GNU-stack
                0x0000000000000000        0x0 binaries/semcount.o
 .note.GNU-stack
                0x0000000000000000        0x0 binaries/semcreate.o
 .note.GNU-stack
                0x0000000000000000        0x0 binaries/semdelete.o
 .note.GNU-stack
                0x0000000000000000        0x0 binaries/semreset.o
 .note.GNU-stack
                0x0000000000000000        0x0 binaries/send.o
 .note.GNU-stack
                0x0000000000000000        0x0 binaries/signal.o
 .note.GNU-stack
                0x0000000000000000        0x0 binaries/signaln.o
 .note.GNU-stack
                0x0000000000000000        0x0 binaries/sleep.o
 .note.GNU-stack
                0x0000000000000000        0x0 binaries/stacktrace.o
 .note.GNU-stack
                0x0000000000000000        0x0 binaries/suspend.o
 .note.GNU-stack
                0x0000000000000000        0x0 binaries/unsleep.o
 .note.GNU-stack
                0x0000000000000000        0x0 binaries/userret.o
 .note.GNU-stack
                0x0000000000000000        0x0 binaries/wait.o
 .note.GNU-stack
                0x0000000000000000        0x0 binaries/wakeup.o
 .note.GNU-stack
                0x0000000000000000        0x0 binaries/write.o
 .note.GNU-stack
                0x0000000000000000        0x0 binaries/xdone.o
 .note.GNU-stack
                0x0000000000000000        0x0 binaries/yield.o
 .note.GNU-stack
                0x0000000000000000        0x0 binaries/abs.o
 .note.GNU-stack
                0x0000000000000000        0x0 binaries/atoi.o
 .note.GNU-stack
                0x0000000000000000        0x0 binaries/atol.o
 .note.GNU-stack
                0x0000000000000000        0x0 binaries/bzero.o
 .note.GNU-stack
                0x0000000000000000        0x0 binaries/ctype_.o
 .note.GNU-stack
                0x0000000000000000        0x0 binaries/doprnt.o
 .note.GNU-stack
                0x0000000000000000        0x0 binaries/doscan.o
 .note.GNU-stack
                0x0000000000000000        0x0 binaries/fdoprnt.o
 .note.GNU-stack
                0x0000000000000000        0x0 binaries/fgetc.o
 .note.GNU-stack
                0x0000000000000000        0x0 binaries/fgets.o
 .note.GNU-stack
                0x0000000000000000        0x0 binaries/fprintf.o
 .note.GNU-stack
                0x0000000000000000        0x0 binaries/fputc.o
 .note.GNU-stack
                0x0000000000000000        0x0 binaries/fputs.o
 .note.GNU-stack
                0x0000000000000000        0x0 binaries/fscanf.o
 .note.GNU-stack
                0x0000000000000000        0x0 binaries/getchar.o
 .note.GNU-stack
                0x0000000000000000        0x0 binaries/labs.o
 .note.GNU-stack
                0x0000000000000000        0x0 binaries/memcmp.o
 .note.GNU-stack
                0x0000000000000000        0x0 binaries/memcpy.o
 .note.GNU-stack
                0x0000000000000000        0x0 binaries/memset.o
 .note.GNU-stack
                0x0000000000000000        0x0 binaries/printf.o
 .note.GNU-stack
                0x0000000000000000        0x0 binaries/putchar.o
 .note.GNU-stack
                0x0000000000000000        0x0 binaries/qsort.o
 .note.GNU-stack
                0x0000000000000000        0x0 binaries/rand.o
 .note.GNU-stack
                0x0000000000000000        0x0 binaries/sprintf.o
 .note.GNU-stack
                0x0000000000000000        0x0 binaries/sscanf.o
 .note.GNU-stack
                0x0000000000000000        0x0 binaries/strchr.o
 .note.GNU-stack
                0x0000000000000000        0x0 binaries/strcmp.o
 .note.GNU-stack
                0x0000000000000000        0x0 binaries/strcpy.o
 .note.GNU-stack
                0x0000000000000000        0x0 binaries/strlen.o
 .note.GNU-stack
                0x0000000000000000        0x0 binaries/strncat.o
 .note.GNU-stack
                0x0000000000000000        0x0 binaries/strncmp.o
 .note.GNU-stack
                0x0000000000000000        0x0 binaries/strncpy.o
 .note.GNU-stack
                0x0000000000000000        0x0 binaries/strnlen.o
 .note.GNU-stack
                0x0000000000000000        0x0 binaries/strrchr.o
 .note.GNU-stack
                0x0000000000000000        0x0 binaries/strstr.o
 .note.GNU-stack
                0x0000000000000000        0x0 binaries/ttycontrol.o
 .note.GNU-stack
                0x0000000000000000        0x0 binaries/ttygetc.o
 .note.GNU-stack
                0x0000000000000000        0x0 binaries/ttyhandle_in.o
 .note.GNU-stack
                0x0000000000000000        0x0 binaries/ttyhandle_out.o
 .note.GNU-stack
                0x0000000000000000        0x0 binaries/ttyhandler.o
 .note.GNU-stack
                0x0000000000000000        0x0 binaries/ttyinit.o
 .note.GNU-stack
                0x0000000000000000        0x0 binaries/ttykickout.o
 .note.GNU-stack
                0x0000000000000000        0x0 binaries/ttyputc.o
 .note.GNU-stack
                0x0000000000000000        0x0 binaries/ttyread.o
 .note.GNU-stack
                0x0000000000000000        0x0 binaries/ttywrite.o
 .note.GNU-stack
                0x0000000000000000        0x0 binaries/mount.o
 .note.GNU-stack
                0x0000000000000000        0x0 binaries/naminit.o
 .note.GNU-stack
                0x0000000000000000        0x0 binaries/nammap.o
 .note.GNU-stack
                0x0000000000000000        0x0 binaries/namopen.o
 .note.GNU-stack
                0x0000000000000000        0x0 binaries/82545EMInit.o
 .note.GNU-stack
                0x0000000000000000        0x0 binaries/ethcontrol.o
 .note.GNU-stack
                0x0000000000000000        0x0 binaries/ethhandler.o
 .note.GNU-stack
                0x0000000000000000        0x0 binaries/ethinit.o
 .note.GNU-stack
                0x0000000000000000        0x0 binaries/ethread.o
 .note.GNU-stack
                0x0000000000000000        0x0 binaries/ethwrite.o
 .note.GNU-stack
                0x0000000000000000        0x0 binaries/rdsars.o
 .note.GNU-stack
                0x0000000000000000        0x0 binaries/rdscomm.o
 .note.GNU-stack
                0x0000000000000000        0x0 binaries/rdscontrol.o
 .note.GNU-stack
                0x0000000000000000        0x0 binaries/rdsinit.o
 .note.GNU-stack
                0x0000000000000000        0x0 binaries/rdsopen.o
 .note.GNU-stack
                0x0000000000000000        0x0 binaries/rdsprocess.o
 .note.GNU-stack
                0x0000000000000000        0x0 binaries/rdsqfcns.o
 .note.GNU-stack
                0x0000000000000000        0x0 binaries/rdsread.o
 .note.GNU-stack
                0x0000000000000000        0x0 binaries/rdswrite.o
 .note.GNU-stack
                0x0000000000000000        0x0 binaries/ramclose.o
 .note.GNU-stack
                0x0000000000000000        0x0 binaries/raminit.o
 .note.GNU-stack
                0x0000000000000000        0x0 binaries/ramopen.o
 .note.GNU-stack
                0x0000000000000000        0x0 binaries/ramread.o
 .note.GNU-stack
                0x0000000000000000        0x0 binaries/ramwrite.o
 .note.GNU-stack
                0x0000000000000000        0x0 binaries/lfdballoc.o
 .note.GNU-stack
                0x0000000000000000        0x0 binaries/lfdbfree.o
 .note.GNU-stack
                0x0000000000000000        0x0 binaries/lfflush.o
 .note.GNU-stack
                0x0000000000000000        0x0 binaries/lfgetmode.o
 .note.GNU-stack
                0x0000000000000000        0x0 binaries/lfiballoc.o
 .note.GNU-stack
                0x0000000000000000        0x0 binaries/lfibclear.o
 .note.GNU-stack
                0x0000000000000000        0x0 binaries/lfibget.o
 .note.GNU-stack
                0x0000000000000000        0x0 binaries/lfibput.o
 .note.GNU-stack
                0x0000000000000000        0x0 binaries/lflclose.o
 .note.GNU-stack
                0x0000000000000000        0x0 binaries/lflcontrol.o
 .note.GNU-stack
                0x0000000000000000        0x0 binaries/lflgetc.o
 .note.GNU-stack
                0x0000000000000000        0x0 binaries/lflinit.o
 .note.GNU-stack
                0x0000000000000000        0x0 binaries/lflputc.o
 .note.GNU-stack
                0x0000000000000000        0x0 binaries/lflread.o
 .note.GNU-stack
                0x0000000000000000        0x0 binaries/lflseek.o
 .note.GNU-stack
                0x0000000000000000        0x0 binaries/lflwrite.o
 .note.GNU-stack
                0x0000000000000000        0x0 binaries/lfscheck.o
 .note.GNU-stack
                0x0000000000000000        0x0 binaries/lfsckfmt.o
 .note.GNU-stack
                0x0000000000000000        0x0 binaries/lfscreate.o
 .note.GNU-stack
                0x0000000000000000        0x0 binaries/lfsetup.o
 .note.GNU-stack
                0x0000000000000000        0x0 binaries/lfsinit.o
 .note.GNU-stack
                0x0000000000000000        0x0 binaries/lfsopen.o
 .note.GNU-stack
                0x0000000000000000        0x0 binaries/lftruncate.o
 .note.GNU-stack
                0x0000000000000000        0x0 binaries/rflclose.o
 .note.GNU-stack
                0x0000000000000000        0x0 binaries/rflgetc.o
 .note.GNU-stack
                0x0000000000000000        0x0 binaries/rflinit.o
 .note.GNU-stack
                0x0000000000000000        0x0 binaries/rflputc.o
 .note.GNU-stack
                0x0000000000000000        0x0 binaries/rflread.o
 .note.GNU-stack
                0x0000000000000000        0x0 binaries/rflseek.o
 .note.GNU-stack
                0x0000000000000000        0x0 binaries/rflwrite.o
 .note.GNU-stack
                0x0000000000000000        0x0 binaries/rfscomm.o
 .note.GNU-stack
                0x0000000000000000        0x0 binaries/rfscontrol.o
 .note.GNU-stack
                0x0000000000000000        0x0 binaries/rfsgetmode.o
 .note.GNU-stack
                0x0000000000000000        0x0 binaries/rfsinit.o
 .note.GNU-stack
                0x0000000000000000        0x0 binaries/rfsndmsg.o
 .note.GNU-stack
                0x0000000000000000        0x0 binaries/rfsopen.o
 .note.GNU-stack
                0x0000000000000000        0x0 binaries/pipe_close.o
 .note.GNU-stack
                0x0000000000000000        0x0 binaries/pipe_getc.o
 .note.GNU-stack
                0x0000000000000000        0x0 binaries/pipe_init.o
 .note.GNU-stack
                0x0000000000000000        0x0 binaries/pipe_open.o
 .note.GNU-stack
                0x0000000000000000        0x0 binaries/pipe_putc.o
 .note.GNU-stack
                0x0000000000000000        0x0 binaries/pipe_read.o
 .note.GNU-stack
                0x0000000000000000        0x0 binaries/pipe_write.o
 .note.GNU-stack
                0x0000000000000000        0x0 binaries/arp.o
 .note.GNU-stack
                0x0000000000000000        0x0 binaries/dhcp.o
 .note.GNU-stack
                0x0000000000000000        0x0 binaries/dns.o
 .note.GNU-stack
                0x0000000000000000        0x0 binaries/dot2ip.o
 .note.GNU-stack
                0x0000000000000000        0x0 binaries/hexdump.o
 .note.GNU-stack
                0x0000000000000000        0x0 binaries/icmp.o
 .note.GNU-stack
                0x0000000000000000        0x0 binaries/ip.o
 .note.GNU-stack
                0x0000000000000000        0x0 binaries/net.o
 .note.GNU-stack
                0x0000000000000000        0x0 binaries/pdump.o
 .note.GNU-stack
                0x0000000000000000        0x0 binaries/tftp.o
 .note.GNU-stack
                0x0000000000000000        0x0 binaries/udp.o
 .note.GNU-stack
                0x0000000000000000        0x0 binaries/addargs.o
 .note.GNU-stack
                0x0000000000000000        0x0 binaries/lexan.o
 .note.GNU-stack
                0x0000000000000000        0x0 binaries/shell.o
 .note.GNU-stack
                0x0000000000000000        0x0 binaries/xsh_argecho.o
 .note.GNU-stack
                0x0000000000000000        0x0 binaries/xsh_arp.o
 .note.GNU-stack
                0x0000000000000000        0x0 binaries/xsh_cat.o
 .note.GNU-stack
                0x0000000000000000        0x0 binaries/xsh_clear.o
 .note.GNU-stack
                0x0000000000000000        0x0 binaries/xsh_date.o
 .note.GNU-stack
                0x0000000000000000        0x0 binaries/xsh_devdump.o
 .note.GNU-stack
                0x0000000000000000        0x0 binaries/xsh_echo.o
 .note.GNU-stack
                0x0000000000000000        0x0 binaries/xsh_exit.o
 .note.GNU-stack
                0x0000000000000000        0x0 binaries/xsh_help.o
 .note.GNU-stack
                0x0000000000000000        0x0 binaries/xsh_kill.o
 .note.GNU-stack
                0x0000000000000000        0x0 binaries/xsh_ls.o
 .note.GNU-stack
                0x0000000000000000        0x0 binaries/xsh_memdump.o
 .note.GNU-stack
                0x0000000000000000        0x0 binaries/xsh_memstat.o
 .note.GNU-stack
                0x0000000000000000        0x0 binaries/xsh_netinfo.o
 .note.GNU-stack
                0x0000000000000000        0x0 binaries/xsh_ns.o
 .note.GNU-stack
                0x0000000000000000        0x0 binaries/xsh_ping.o
 .note.GNU-stack
                0x0000000000000000        0x0 binaries/xsh_ps.o
 .note.GNU-stack
                0x0000000000000000        0x0 binaries/xsh_sleep.o
 .note.GNU-stack
                0x0000000000000000        0x0 binaries/xsh_tee.o
 .note.GNU-stack
                0x0000000000000000        0x0 binaries/xsh_udpdump.o
 .note.GNU-stack
                0x0000000000000000        0x0 binaries/xsh_udpecho.o
 .note.GNU-stack
                0x0000000000000000        0x0 binaries/xsh_udpserver.o
 .note.GNU-stack
                0x0000000000000000        0x0 binaries/xsh_uptime.o
