
Allocating common symbols
Common symbol       size              file

netbufpool          0x4               binaries/net.o
readylist           0x2               binaries/ready.o
rfltab              0x5a0             binaries/rflinit.o
netportseed         0x4               binaries/net.o
sleepq              0x2               binaries/clkinit.o
nnames              0x4               binaries/naminit.o
udptab              0x168             binaries/udp.o
minheap             0x4               binaries/meminit.o
marks               0x50              binaries/mark.o
currpid             0x4               binaries/initialize.o
Lf_data             0x20c             binaries/lfsinit.o
porttab             0x2d0             binaries/ptinit.o
girmask             0x2               binaries/evec.o
ttytab              0x110             binaries/ttyinit.o
proctab             0x15e0            binaries/initialize.o
prcount             0x4               binaries/initialize.o
pipetab             0x1e0             binaries/pipe_init.o
int_actions         0x140             binaries/evec.o
lfltab              0xf00             binaries/lflinit.o
rdstab              0x6c0             binaries/rdsinit.o
ethertab            0x138             binaries/ethinit.o
NetData             0xb0              binaries/net.o
nmarks              0x4               binaries/mark.o
Defer               0x8               binaries/resched.o
semtab              0x4b0             binaries/initialize.o
maxheap             0x4               binaries/meminit.o
preempt             0x4               binaries/clkinit.o
buftab              0xa0              binaries/bufinit.o
Rf_data             0x18              binaries/rfsinit.o
mkmutex             0x4               binaries/mark.o
count1000           0x4               binaries/clkinit.o
clktime             0x4               binaries/clkinit.o
arpcache            0x140             binaries/arp.o
icmptab             0x230             binaries/icmp.o
nbpools             0x4               binaries/bufinit.o
queuetab            0x980             binaries/queue.o
ptnextid            0x4               binaries/ptinit.o
Ram                 0x19000           binaries/raminit.o
ipoqueue            0x2c              binaries/ip.o
memlist             0x8               binaries/initialize.o
nametab             0x5200            binaries/naminit.o
ptfree              0x4               binaries/ptinit.o

Memory Configuration

Name             Origin             Length             Attributes
*default*        0x0000000000000000 0xffffffffffffffff

Linker script and memory map

                0x0000000000100000                physbase = 0x100000
                0x0000000000100000                . = physbase
                0x0000000000100000                . = ALIGN (0x1000)

.text           0x0000000000100000    0x1c000
                0x0000000000100000                text = ABSOLUTE (.)
 *(.text .text.*)
 .text          0x0000000000100000      0x1b4 binaries/start.o
                0x0000000000100024                start
                0x00000000001000f6                inb
                0x00000000001000fe                inw
                0x0000000000100107                inl
                0x000000000010010f                outb
                0x0000000000100119                outw
                0x0000000000100124                outl
                0x000000000010012e                _rtcin
                0x0000000000100139                ___udivsi3
                0x0000000000100144                ___divsi3
                0x0000000000100150                sbzero
                0x0000000000100160                insw
                0x0000000000100176                outsw
                0x000000000010018c                bcopy
                0x00000000001001a0                lidt
                0x00000000001001a8                cpuid
 .text          0x00000000001001b4      0x405 binaries/ascdate.o
                0x00000000001001b4                ascdate
 .text          0x00000000001005b9       0x14 binaries/bufinit.o
                0x00000000001005b9                bufinit
 .text          0x00000000001005cd       0x92 binaries/chprio.o
                0x00000000001005cd                chprio
 .text          0x000000000010065f       0xc1 binaries/clkhandler.o
                0x000000000010065f                clkhandler
 .text          0x0000000000100720       0xf9 binaries/clkinit.o
                0x0000000000100720                clkinit
 .text          0x0000000000100819       0x6a binaries/close.o
                0x0000000000100819                close
 .text          0x0000000000100883        0x0 binaries/conf.o
 .text          0x0000000000100883       0x7f binaries/control.o
                0x0000000000100883                control
 .text          0x0000000000100902      0x2a8 binaries/create.o
                0x0000000000100902                create
 .text          0x0000000000100baa      0x35f binaries/early_imr.o
                0x0000000000100baa                intel_cln_early_sb_read_reg
                0x0000000000100c2e                intel_cln_early_sb_write_reg
                0x0000000000100e46                remove_irm_protections
 .text          0x0000000000100f09      0x603 binaries/evec.o
                0x0000000000100f09                initevec
                0x000000000010107d                set_evec
                0x00000000001010ea                set_ivec
                0x0000000000101180                ioapic_irq2vec
                0x00000000001011c1                int_dispatch
                0x0000000000101253                _8259_setirmask
                0x00000000001012ad                trap
 .text          0x000000000010150c       0x15 binaries/exit.o
                0x000000000010150c                exit
 .text          0x0000000000101521       0x7c binaries/freebuf.o
                0x0000000000101521                freebuf
 .text          0x000000000010159d      0x167 binaries/freemem.o
                0x000000000010159d                freemem
 .text          0x0000000000101704       0x7a binaries/getbuf.o
                0x0000000000101704                getbuf
 .text          0x000000000010177e       0x6a binaries/getc.o
                0x000000000010177e                getc
 .text          0x00000000001017e8       0x72 binaries/getdev.o
                0x00000000001017e8                getdev
 .text          0x000000000010185a       0xc8 binaries/getitem.o
                0x000000000010185a                getfirst
                0x000000000010189b                getlast
                0x00000000001018de                getitem
 .text          0x0000000000101922       0xfb binaries/getmem.o
                0x0000000000101922                getmem
 .text          0x0000000000101a1d        0xa binaries/getpid.o
                0x0000000000101a1d                getpid
 .text          0x0000000000101a27       0x75 binaries/getprio.o
                0x0000000000101a27                getprio
 .text          0x0000000000101a9c       0xf2 binaries/getstk.o
                0x0000000000101a9c                getstk
 .text          0x0000000000101b8e       0x16 binaries/getticks.o
                0x0000000000101b8e                getticks
 .text          0x0000000000101ba4       0x36 binaries/gettime.o
                0x0000000000101ba4                gettime
 .text          0x0000000000101bda      0x1f9 binaries/getutime.o
                0x0000000000101bda                getutime
 .text          0x0000000000101dd3       0x6a binaries/init.o
                0x0000000000101dd3                init
 .text          0x0000000000101e3d      0x3ee binaries/initialize.o
                0x0000000000101e3d                nulluser
                0x00000000001021d6                stop
                0x00000000001021fd                delay
 .text          0x000000000010222b       0xdd binaries/insert.o
                0x000000000010222b                insert
 .text          0x0000000000102308      0x10f binaries/insertd.o
                0x0000000000102308                insertd
 .text          0x0000000000102417        0xa binaries/ioerr.o
                0x0000000000102417                ioerr
 .text          0x0000000000102421        0xa binaries/ionull.o
                0x0000000000102421                ionull
 .text          0x000000000010242b      0x188 binaries/kill.o
                0x000000000010242b                kill
 .text          0x00000000001025b3      0x12f binaries/kprintf.o
                0x00000000001025b3                kputc
                0x0000000000102638                kgetc
                0x00000000001026b5                kprintf
 .text          0x00000000001026e2       0xe7 binaries/main.o
                0x00000000001026e2                main
 .text          0x00000000001027c9      0x10a binaries/mark.o
                0x00000000001027c9                markinit
                0x00000000001027ec                notmarked
                0x000000000010283b                mark
 .text          0x00000000001028d3      0x2ca binaries/meminit.o
                0x00000000001028d3                meminit
                0x0000000000102af5                setsegs
 .text          0x0000000000102b9d      0x146 binaries/mkbufpool.o
                0x0000000000102b9d                mkbufpool
 .text          0x0000000000102ce3       0x94 binaries/newqueue.o
                0x0000000000102ce3                newqueue
 .text          0x0000000000102d77       0x78 binaries/open.o
                0x0000000000102d77                open
 .text          0x0000000000102def       0x20 binaries/panic.o
                0x0000000000102def                panic
 .text          0x0000000000102e0f      0x608 binaries/pci.o
                0x0000000000102e0f                pci_init
                0x0000000000102e99                find_pci_device
                0x0000000000102f98                pci_read_config_byte
                0x0000000000103004                pci_read_config_word
                0x0000000000103072                pci_read_config_dword
                0x00000000001030de                pci_write_config_byte
                0x000000000010314e                pci_write_config_word
                0x00000000001031c0                pci_write_config_dword
                0x000000000010322a                pci_get_dev_mmio_base_addr
                0x000000000010329a                pci_set_ivec
 .text          0x0000000000103417       0xdd binaries/platinit.o
                0x0000000000103417                cpu_is_quark
                0x0000000000103434                console_init
                0x0000000000103487                platinit
 .text          0x00000000001034f4       0xe6 binaries/ptclear.o
                0x00000000001034f4                _ptclear
 .text          0x00000000001035da       0x8f binaries/ptcount.o
                0x00000000001035da                ptcount
 .text          0x0000000000103669      0x105 binaries/ptcreate.o
                0x0000000000103669                ptcreate
 .text          0x000000000010376e       0x80 binaries/ptdelete.o
                0x000000000010376e                ptdelete
 .text          0x00000000001037ee       0xb7 binaries/ptinit.o
                0x00000000001037ee                ptinit
 .text          0x00000000001038a5      0x10a binaries/ptrecv.o
                0x00000000001038a5                ptrecv
 .text          0x00000000001039af       0x78 binaries/ptreset.o
                0x00000000001039af                ptreset
 .text          0x0000000000103a27      0x128 binaries/ptsend.o
                0x0000000000103a27                ptsend
 .text          0x0000000000103b4f       0x78 binaries/putc.o
                0x0000000000103b4f                putc
 .text          0x0000000000103bc7       0xdf binaries/quark_irq.o
                0x0000000000103bc7                quark_irq_routing
 .text          0x0000000000103ca6      0x206 binaries/quark_pdat.o
                0x0000000000103ca6                get_quark_pdat_entry_data_by_id
                0x0000000000103da2                get_quark_pdat_entry_data_by_desc
 .text          0x0000000000103eac      0x10c binaries/queue.o
                0x0000000000103eac                enqueue
                0x0000000000103f4f                dequeue
 .text          0x0000000000103fb8       0x78 binaries/read.o
                0x0000000000103fb8                read
 .text          0x0000000000104030       0x81 binaries/ready.o
                0x0000000000104030                ready
 .text          0x00000000001040b1       0x5f binaries/receive.o
                0x00000000001040b1                receive
 .text          0x0000000000104110       0x5b binaries/recvclr.o
                0x0000000000104110                recvclr
 .text          0x000000000010416b       0xba binaries/recvtime.o
                0x000000000010416b                recvtime
 .text          0x0000000000104225      0x169 binaries/resched.o
                0x0000000000104225                resched
                0x0000000000104319                resched_cntl
 .text          0x000000000010438e       0xa9 binaries/resume.o
                0x000000000010438e                resume
 .text          0x0000000000104437       0x71 binaries/seek.o
                0x0000000000104437                seek
 .text          0x00000000001044a8       0x69 binaries/semcount.o
                0x00000000001044a8                semcount
 .text          0x0000000000104511       0xcf binaries/semcreate.o
                0x0000000000104511                semcreate
 .text          0x00000000001045e0       0xba binaries/semdelete.o
                0x00000000001045e0                semdelete
 .text          0x000000000010469a       0xbc binaries/semreset.o
                0x000000000010469a                semreset
 .text          0x0000000000104756       0xda binaries/send.o
                0x0000000000104756                send
 .text          0x0000000000104830       0x97 binaries/signal.o
                0x0000000000104830                signal
 .text          0x00000000001048c7       0xc3 binaries/signaln.o
                0x00000000001048c7                signaln
 .text          0x000000000010498a       0xe5 binaries/sleep.o
                0x000000000010498a                sleep
                0x00000000001049d4                sleepms
 .text          0x0000000000104a6f      0x1b1 binaries/stacktrace.o
                0x0000000000104a6f                stacktrace
 .text          0x0000000000104c20       0xda binaries/suspend.o
                0x0000000000104c20                suspend
 .text          0x0000000000104cfa       0xdc binaries/unsleep.o
                0x0000000000104cfa                unsleep
 .text          0x0000000000104dd6       0x15 binaries/userret.o
                0x0000000000104dd6                userret
 .text          0x0000000000104deb       0xd3 binaries/wait.o
                0x0000000000104deb                wait
 .text          0x0000000000104ebe       0x68 binaries/wakeup.o
                0x0000000000104ebe                wakeup
 .text          0x0000000000104f26       0x78 binaries/write.o
                0x0000000000104f26                write
 .text          0x0000000000104f9e       0x19 binaries/xdone.o
                0x0000000000104f9e                xdone
 .text          0x0000000000104fb7       0x25 binaries/yield.o
                0x0000000000104fb7                yield
 .text          0x0000000000104fdc       0x11 binaries/abs.o
                0x0000000000104fdc                abs
 .text          0x0000000000104fed       0x8f binaries/atoi.o
                0x0000000000104fed                atoi
 .text          0x000000000010507c       0x8f binaries/atol.o
                0x000000000010507c                atol
 .text          0x000000000010510b       0x31 binaries/bzero.o
                0x000000000010510b                bzero
 .text          0x000000000010513c        0x0 binaries/ctype_.o
 .text          0x000000000010513c      0x8f8 binaries/doprnt.o
                0x000000000010513c                _doprnt
 .text          0x0000000000105a34      0x6a2 binaries/doscan.o
                0x0000000000105a34                _doscan
 .text          0x00000000001060d6      0x723 binaries/fdoprnt.o
                0x00000000001060d6                _fdoprnt
 .text          0x00000000001067f9       0x26 binaries/fgetc.o
                0x00000000001067f9                fgetc
 .text          0x000000000010681f       0x72 binaries/fgets.o
                0x000000000010681f                fgets
 .text          0x0000000000106891       0x34 binaries/fprintf.o
                0x0000000000106891                fprintf
 .text          0x00000000001068c5       0x2c binaries/fputc.o
                0x00000000001068c5                fputc
 .text          0x00000000001068f1       0x43 binaries/fputs.o
                0x00000000001068f1                fputs
 .text          0x0000000000106934       0x92 binaries/fscanf.o
                0x0000000000106934                fscanf
 .text          0x00000000001069c6       0x2c binaries/getchar.o
                0x00000000001069c6                getchar
 .text          0x00000000001069f2       0x11 binaries/labs.o
                0x00000000001069f2                labs
 .text          0x0000000000106a03       0x51 binaries/memcmp.o
                0x0000000000106a03                memcmp
 .text          0x0000000000106a54       0x26 binaries/memcpy.o
                0x0000000000106a54                memcpy
 .text          0x0000000000106a7a       0x30 binaries/memset.o
                0x0000000000106a7a                memset
 .text          0x0000000000106aaa       0x4f binaries/printf.o
                0x0000000000106aaa                printf
 .text          0x0000000000106af9       0x33 binaries/putchar.o
                0x0000000000106af9                putchar
 .text          0x0000000000106b2c      0x28c binaries/qsort.o
                0x0000000000106b2c                qsort
 .text          0x0000000000106db8       0x5f binaries/rand.o
                0x0000000000106db8                rand
                0x0000000000106dcc                rand_r
                0x0000000000106e0a                srand
 .text          0x0000000000106e17       0x6f binaries/sprintf.o
                0x0000000000106e17                sprintf
 .text          0x0000000000106e86       0x7f binaries/sscanf.o
                0x0000000000106e86                sscanf
 .text          0x0000000000106f05       0x3c binaries/strchr.o
                0x0000000000106f05                strchr
 .text          0x0000000000106f41       0x45 binaries/strcmp.o
                0x0000000000106f41                strcmp
 .text          0x0000000000106f86       0x27 binaries/strcpy.o
                0x0000000000106f86                strcpy
 .text          0x0000000000106fad       0x26 binaries/strlen.o
                0x0000000000106fad                strlen
 .text          0x0000000000106fd3       0x56 binaries/strncat.o
                0x0000000000106fd3                strncat
 .text          0x0000000000107029       0x5e binaries/strncmp.o
                0x0000000000107029                strncmp
 .text          0x0000000000107087       0x4f binaries/strncpy.o
                0x0000000000107087                strncpy
 .text          0x00000000001070d6       0x2e binaries/strnlen.o
                0x00000000001070d6                strnlen
 .text          0x0000000000107104       0x45 binaries/strrchr.o
                0x0000000000107104                strrchr
 .text          0x0000000000107149       0x6d binaries/strstr.o
                0x0000000000107149                strstr
 .text          0x00000000001071b6       0xdd binaries/ttycontrol.o
                0x00000000001071b6                ttycontrol
 .text          0x0000000000107293       0x98 binaries/ttygetc.o
                0x0000000000107293                ttygetc
 .text          0x000000000010732b      0x750 binaries/ttyhandle_in.o
                0x000000000010732b                ttyhandle_in
 .text          0x0000000000107a7b      0x18a binaries/ttyhandle_out.o
                0x0000000000107a7b                ttyhandle_out
 .text          0x0000000000107c05       0xb5 binaries/ttyhandler.o
                0x0000000000107c05                ttyhandler
 .text          0x0000000000107cba      0x212 binaries/ttyinit.o
                0x0000000000107cba                ttyinit
 .text          0x0000000000107ecc       0x10 binaries/ttykickout.o
                0x0000000000107ecc                ttykickout
 .text          0x0000000000107edc       0xb2 binaries/ttyputc.o
                0x0000000000107edc                ttyputc
 .text          0x0000000000107f8e      0x10f binaries/ttyread.o
                0x0000000000107f8e                ttyread
 .text          0x000000000010809d       0x4f binaries/ttywrite.o
                0x000000000010809d                ttywrite
 .text          0x00000000001080ec      0x16a binaries/mount.o
                0x00000000001080ec                mount
                0x0000000000108220                namlen
 .text          0x0000000000108256      0x229 binaries/naminit.o
                0x0000000000108256                naminit
 .text          0x000000000010847f      0x216 binaries/nammap.o
                0x000000000010847f                nammap
                0x0000000000108510                namrepl
                0x0000000000108645                namcpy
 .text          0x0000000000108695       0x55 binaries/namopen.o
                0x0000000000108695                namopen
 .text          0x00000000001086ea       0x95 binaries/ethcontrol.o
                0x00000000001086ea                ethcontrol
 .text          0x000000000010877f      0x1b4 binaries/ethhandler.o
                0x000000000010877f                ethhandler
 .text          0x0000000000108933      0x77d binaries/ethinit.o
                0x0000000000108933                eth_phy_read
                0x000000000010899d                eth_phy_write
                0x0000000000108a11                eth_phy_reset
                0x0000000000108b79                ethinit
 .text          0x00000000001090b0      0x199 binaries/ethmcast.o
                0x00000000001090b0                ethmcast_add
                0x0000000000109132                ethmcast_remove
 .text          0x0000000000109249      0x220 binaries/ethread.o
                0x0000000000109249                ethread
 .text          0x0000000000109469       0xef binaries/ethwrite.o
                0x0000000000109469                ethwrite
 .text          0x0000000000109558       0xab binaries/rdsars.o
                0x0000000000109558                rdsars
 .text          0x0000000000109603      0x2d6 binaries/rdscomm.o
                0x0000000000109603                rdscomm
 .text          0x00000000001098d9      0x367 binaries/rdscontrol.o
                0x00000000001098d9                rdscontrol
 .text          0x0000000000109c40       0x51 binaries/rdsinit.o
                0x0000000000109c40                rdsinit
 .text          0x0000000000109c91      0x3ce binaries/rdsopen.o
                0x0000000000109c91                rdsopen
 .text          0x000000000010a05f      0x56e binaries/rdsprocess.o
                0x000000000010a05f                rdsprocess
 .text          0x000000000010a5cd      0x5b5 binaries/rdsqfcns.o
                0x000000000010a5cd                rdqadd
                0x000000000010a622                rdqfree
                0x000000000010a6c4                rdcget
                0x000000000010a71b                rdcadd
                0x000000000010a844                rdqdump
                0x000000000010aa07                rdcdump
 .text          0x000000000010ab82       0xcd binaries/rdsread.o
                0x000000000010ab82                rdsread
 .text          0x000000000010ac4f       0xcd binaries/rdswrite.o
                0x000000000010ac4f                rdswrite
 .text          0x000000000010ad1c        0xa binaries/ramclose.o
                0x000000000010ad1c                ramclose
 .text          0x000000000010ad26       0x45 binaries/raminit.o
                0x000000000010ad26                raminit
 .text          0x000000000010ad6b        0xa binaries/ramopen.o
                0x000000000010ad6b                ramopen
 .text          0x000000000010ad75       0x35 binaries/ramread.o
                0x000000000010ad75                ramread
 .text          0x000000000010adaa       0x36 binaries/ramwrite.o
                0x000000000010adaa                ramwrite
 .text          0x000000000010ade0       0x9e binaries/lfdballoc.o
                0x000000000010ade0                lfdballoc
 .text          0x000000000010ae7e       0x62 binaries/lfdbfree.o
                0x000000000010ae7e                lfdbfree
 .text          0x000000000010aee0       0xbf binaries/lfflush.o
                0x000000000010aee0                lfflush
 .text          0x000000000010af9f       0xd8 binaries/lfgetmode.o
                0x000000000010af9f                lfgetmode
 .text          0x000000000010b077       0x6c binaries/lfiballoc.o
                0x000000000010b077                lfiballoc
 .text          0x000000000010b0e3       0x3b binaries/lfibclear.o
                0x000000000010b0e3                lfibclear
 .text          0x000000000010b11e       0xae binaries/lfibget.o
                0x000000000010b11e                lfibget
 .text          0x000000000010b1cc       0xe0 binaries/lfibput.o
                0x000000000010b1cc                lfibput
 .text          0x000000000010b2ac       0x93 binaries/lflclose.o
                0x000000000010b2ac                lflclose
 .text          0x000000000010b33f       0xb5 binaries/lflcontrol.o
                0x000000000010b33f                lflcontrol
 .text          0x000000000010b3f4       0xdf binaries/lflgetc.o
                0x000000000010b3f4                lflgetc
 .text          0x000000000010b4d3       0xfb binaries/lflinit.o
                0x000000000010b4d3                lflinit
 .text          0x000000000010b5ce      0x10f binaries/lflputc.o
                0x000000000010b5ce                lflputc
 .text          0x000000000010b6dd       0x6d binaries/lflread.o
                0x000000000010b6dd                lflread
 .text          0x000000000010b74a       0x9c binaries/lflseek.o
                0x000000000010b74a                lflseek
 .text          0x000000000010b7e6       0x55 binaries/lflwrite.o
                0x000000000010b7e6                lflwrite
 .text          0x000000000010b83b       0x62 binaries/lfscheck.o
                0x000000000010b83b                lfscheck
 .text          0x000000000010b89d      0x176 binaries/lfsckfmt.o
                0x000000000010b89d                lfsckfmt
 .text          0x000000000010ba13      0x221 binaries/lfscreate.o
                0x000000000010ba13                lfscreate
 .text          0x000000000010bc34      0x282 binaries/lfsetup.o
                0x000000000010bc34                lfsetup
 .text          0x000000000010beb6       0x55 binaries/lfsinit.o
                0x000000000010beb6                lfsinit
 .text          0x000000000010bf0b      0x3cb binaries/lfsopen.o
                0x000000000010bf0b                lfsopen
 .text          0x000000000010c2d6      0x161 binaries/lftruncate.o
                0x000000000010c2d6                lftruncate
 .text          0x000000000010c437      0x1a5 binaries/rflclose.o
                0x000000000010c437                rflclose
 .text          0x000000000010c5dc       0x5d binaries/rflgetc.o
                0x000000000010c5dc                rflgetc
 .text          0x000000000010c639       0x76 binaries/rflinit.o
                0x000000000010c639                rflinit
 .text          0x000000000010c6af       0x39 binaries/rflputc.o
                0x000000000010c6af                rflputc
 .text          0x000000000010c6e8      0x386 binaries/rflread.o
                0x000000000010c6e8                rflread
 .text          0x000000000010ca6e       0x68 binaries/rflseek.o
                0x000000000010ca6e                rflseek
 .text          0x000000000010cad6      0x336 binaries/rflwrite.o
                0x000000000010cad6                rflwrite
 .text          0x000000000010ce0c      0x22f binaries/rfscomm.o
                0x000000000010ce0c                rfscomm
 .text          0x000000000010d03b      0x258 binaries/rfscontrol.o
                0x000000000010d03b                rfscontrol
 .text          0x000000000010d293       0xd8 binaries/rfsgetmode.o
                0x000000000010d293                rfsgetmode
 .text          0x000000000010d36b       0x61 binaries/rfsinit.o
                0x000000000010d36b                rfsinit
 .text          0x000000000010d3cc      0x128 binaries/rfsndmsg.o
                0x000000000010d3cc                rfsndmsg
 .text          0x000000000010d4f4      0x28d binaries/rfsopen.o
                0x000000000010d4f4                rfsopen
 .text          0x000000000010d781       0xe8 binaries/pipe_close.o
                0x000000000010d781                pipe_close
 .text          0x000000000010d869      0x115 binaries/pipe_getc.o
                0x000000000010d869                pipe_getc
 .text          0x000000000010d97e       0x38 binaries/pipe_init.o
                0x000000000010d97e                pipe_init
 .text          0x000000000010d9b6       0x99 binaries/pipe_open.o
                0x000000000010d9b6                pipe_open
 .text          0x000000000010da4f       0xa5 binaries/pipe_putc.o
                0x000000000010da4f                pipe_putc
 .text          0x000000000010daf4       0x65 binaries/pipe_read.o
                0x000000000010daf4                pipe_read
 .text          0x000000000010db59       0x65 binaries/pipe_write.o
                0x000000000010db59                pipe_write
 .text          0x000000000010dbbe      0x855 binaries/arp.o
                0x000000000010dbbe                arp_init
                0x000000000010dbf0                arp_resolve
                0x000000000010debd                arp_in
                0x000000000010e16f                arp_alloc
                0x000000000010e23b                arp_ntoh
                0x000000000010e327                arp_hton
 .text          0x000000000010e413      0x95b binaries/dhcp.o
                0x000000000010e413                dhcp_get_opt_val
                0x000000000010e46c                dhcp_bld_bootp_msg
                0x000000000010e596                dhcp_bld_disc
                0x000000000010e690                dhcp_bld_req
                0x000000000010e80d                getlocalip
 .text          0x000000000010ed6e      0x6e3 binaries/dns.o
                0x000000000010ed6e                dnslookup
 .text          0x000000000010f451       0xe0 binaries/dot2ip.o
                0x000000000010f451                dot2ip
 .text          0x000000000010f531      0x468 binaries/hexdump.o
                0x000000000010f531                hexdump
                0x000000000010f6b4                hexadump
 .text          0x000000000010f999      0x8c4 binaries/icmp.o
                0x000000000010f999                icmp_init
                0x000000000010f9cf                icmp_in
                0x000000000010fbd7                icmp_register
                0x000000000010fcc9                icmp_recv
                0x000000000010fe42                icmp_send
                0x000000000010fed7                icmp_mkpkt
                0x000000000010fff2                icmp_release
                0x00000000001100e2                icmp_cksum
                0x0000000000110175                icmp_hton
                0x00000000001101e9                icmp_ntoh
 .text          0x000000000011025d      0x81d binaries/ip.o
                0x000000000011025d                ip_in
                0x00000000001103a9                ip_send
                0x00000000001104eb                ip_local
                0x000000000011052e                ip_out
                0x000000000011065b                ipcksum
                0x00000000001106e1                ip_ntoh
                0x00000000001107cd                ip_hton
                0x00000000001108b9                ipout
                0x00000000001109db                ip_enqueue
 .text          0x0000000000110a7a      0x2e3 binaries/net.o
                0x0000000000110a7a                net_init
                0x0000000000110bcc                netin
                0x0000000000110c78                eth_hton
                0x0000000000110ca2                eth_ntoh
                0x0000000000110ccc                getport
 .text          0x0000000000110d5d     0x1539 binaries/pdump.o
                0x0000000000110d5d                pdump
                0x0000000000111b79                pdumph
 .text          0x0000000000112296      0x4fd binaries/tftp.o
                0x0000000000112296                tftp_send1
                0x0000000000112426                tftpget
 .text          0x0000000000112793      0xb08 binaries/udp.o
                0x0000000000112793                udp_init
                0x00000000001127c7                udp_in
                0x0000000000112902                udp_register
                0x0000000000112a36                udp_recv
                0x0000000000112bbc                udp_recvaddr
                0x0000000000112d5a                udp_send
                0x0000000000112f29                udp_sendto
                0x00000000001130c4                udp_release
                0x00000000001131b1                udp_ntoh
                0x0000000000113226                udp_hton
 .text          0x000000000011329b      0x187 binaries/addargs.o
                0x000000000011329b                addargs
 .text          0x0000000000113422      0x31b binaries/lexan.o
                0x0000000000113422                lexan
 .text          0x000000000011373d      0x9cd binaries/shell.o
                0x000000000011373d                cmdlookup
                0x00000000001137a0                shell
 .text          0x000000000011410a       0x68 binaries/xsh_argecho.o
                0x000000000011410a                xsh_argecho
 .text          0x0000000000114172      0x23a binaries/xsh_arp.o
                0x0000000000114172                xsh_arp
 .text          0x00000000001143ac      0x251 binaries/xsh_cat.o
                0x00000000001143ac                xsh_cat
 .text          0x00000000001145fd       0x5b binaries/xsh_clear.o
                0x00000000001145fd                xsh_clear
 .text          0x0000000000114658      0x2ea binaries/xsh_date.o
                0x0000000000114658                xsh_date
 .text          0x0000000000114942       0xad binaries/xsh_devdump.o
                0x0000000000114942                xsh_devdump
 .text          0x00000000001149ef       0x6c binaries/xsh_echo.o
                0x00000000001149ef                xsh_echo
 .text          0x0000000000114a5b        0xa binaries/xsh_exit.o
                0x0000000000114a5b                xsh_exit
 .text          0x0000000000114a65      0x33c binaries/xsh_help.o
                0x0000000000114a65                xsh_help
 .text          0x0000000000114da1      0x23c binaries/xsh_kill.o
                0x0000000000114da1                xsh_kill
 .text          0x0000000000114fdd      0x545 binaries/xsh_ls.o
                0x0000000000114fdd                xsh_ls
 .text          0x0000000000115522      0x516 binaries/xsh_memdump.o
                0x0000000000115522                xsh_memdump
 .text          0x0000000000115a38      0x29b binaries/xsh_memstat.o
                0x0000000000115a38                xsh_memstat
 .text          0x0000000000115cd3      0x5b6 binaries/xsh_netinfo.o
                0x0000000000115cd3                xsh_netinfo
 .text          0x0000000000116289      0x5f8 binaries/xsh_ns.o
                0x0000000000116289                xsh_ns
 .text          0x0000000000116881      0x3d7 binaries/xsh_ping.o
                0x0000000000116881                xsh_ping
 .text          0x0000000000116c58      0x260 binaries/xsh_ps.o
                0x0000000000116c58                xsh_ps
 .text          0x0000000000116eb8      0x219 binaries/xsh_sleep.o
                0x0000000000116eb8                xsh_sleep
 .text          0x00000000001170d1      0x26e binaries/xsh_tee.o
                0x00000000001170d1                xsh_tee
 .text          0x000000000011733f      0x2b6 binaries/xsh_udpdump.o
                0x000000000011733f                xsh_udpdump
 .text          0x00000000001175f5      0x590 binaries/xsh_udpecho.o
                0x00000000001175f5                xsh_udpecho
 .text          0x0000000000117b85      0x2d5 binaries/xsh_udpserver.o
                0x0000000000117b85                xsh_udpeserver
 .text          0x0000000000117e5a      0x1e1 binaries/xsh_uptime.o
                0x0000000000117e5a                xsh_uptime
 .text          0x000000000011803b        0xe binaries/clkdisp.o
                0x000000000011803b                clkdisp
 .text          0x0000000000118049       0x19 binaries/ctxsw.o
                0x0000000000118049                ctxsw
 .text          0x0000000000118062      0x30a binaries/intr.o
                0x0000000000118062                disable
                0x000000000011806b                restore
                0x0000000000118079                enable
                0x000000000011807b                pause
                0x0000000000118082                halt
                0x0000000000118085                spurious_irq7
                0x000000000011808a                spurious_irq15
                0x0000000000118099                _Xint0
                0x00000000001180a1                _Xint1
                0x00000000001180a9                _Xint2
                0x00000000001180b1                _Xint3
                0x00000000001180b9                _Xint4
                0x00000000001180c1                _Xint5
                0x00000000001180cc                _Xint6
                0x00000000001180d4                _Xint7
                0x00000000001180dc                _Xint8
                0x00000000001180e4                _Xint9
                0x00000000001180ec                _Xint10
                0x00000000001180f4                _Xint11
                0x00000000001180fc                _Xint12
                0x0000000000118104                _Xint13
                0x000000000011810c                _Xint14
                0x0000000000118117                _Xint15
                0x0000000000118122                _Xint16
                0x000000000011812d                _Xint17
                0x0000000000118138                _Xint18
                0x0000000000118143                _Xint19
                0x000000000011814e                _Xint20
                0x0000000000118159                _Xint21
                0x0000000000118164                _Xint22
                0x000000000011816f                _Xint23
                0x000000000011817a                _Xint24
                0x0000000000118185                _Xint25
                0x0000000000118190                _Xint26
                0x000000000011819b                _Xint27
                0x00000000001181a6                _Xint28
                0x00000000001181b1                _Xint29
                0x00000000001181bc                _Xint30
                0x00000000001181c7                _Xint31
                0x00000000001181d2                _extint
                0x00000000001181e6                _Xint32
                0x00000000001181f2                _Xint33
                0x00000000001181fe                _Xint34
                0x000000000011820a                _Xint35
                0x0000000000118216                _Xint36
                0x0000000000118222                _Xint37
                0x000000000011822e                _Xint38
                0x000000000011823a                _Xint39
                0x0000000000118246                _Xint40
                0x0000000000118252                _Xint41
                0x0000000000118261                _Xint42
                0x0000000000118270                _Xint43
                0x000000000011827f                _Xint44
                0x000000000011828e                _Xint45
                0x000000000011829d                _Xint46
                0x00000000001182ac                defevec
 .text          0x000000000011836c        0xf binaries/ttydispatch.o
                0x000000000011836c                ttydispatch
 .text          0x000000000011837b       0x13 binaries/ethdispatch.o
                0x000000000011837b                ethdispatch
 *(.rodata .rodata.*)
 *fill*         0x000000000011838e        0x2 
 .rodata        0x0000000000118390       0x8e binaries/ascdate.o
 .rodata        0x000000000011841e       0xef binaries/conf.o
 *fill*         0x000000000011850d        0x3 
 .rodata        0x0000000000118510       0x7f binaries/early_imr.o
 *fill*         0x000000000011858f        0x1 
 .rodata        0x0000000000118590      0x231 binaries/evec.o
 *fill*         0x00000000001187c1        0x3 
 .rodata        0x00000000001187c4       0x61 binaries/getutime.o
 *fill*         0x0000000000118825        0x3 
 .rodata        0x0000000000118828      0x187 binaries/initialize.o
 *fill*         0x00000000001189af        0x1 
 .rodata        0x00000000001189b0       0x20 binaries/kill.o
 .rodata        0x00000000001189d0       0x2e binaries/main.o
 *fill*         0x00000000001189fe        0x2 
 .rodata        0x0000000000118a00       0x3e binaries/meminit.o
 .rodata        0x0000000000118a3e        0xf binaries/panic.o
 *fill*         0x0000000000118a4d        0x3 
 .rodata        0x0000000000118a50       0x20 binaries/pci.o
 .rodata        0x0000000000118a70       0x1d binaries/ptinit.o
 *fill*         0x0000000000118a8d        0x3 
 .rodata        0x0000000000118a90       0x25 binaries/ptsend.o
 .rodata        0x0000000000118ab5       0x22 binaries/quark_pdat.o
 *fill*         0x0000000000118ad7        0x1 
 .rodata        0x0000000000118ad8       0xb7 binaries/stacktrace.o
 *fill*         0x0000000000118b8f        0x1 
 .rodata        0x0000000000118b90       0x27 binaries/xdone.o
 *fill*         0x0000000000118bb7        0x9 
 .rodata        0x0000000000118bc0       0x81 binaries/ctype_.o
                0x0000000000118bc0                _ctype_
 *fill*         0x0000000000118c41        0x3 
 .rodata        0x0000000000118c44       0xee binaries/doprnt.o
 *fill*         0x0000000000118d32        0x2 
 .rodata        0x0000000000118d34       0x98 binaries/doscan.o
 .rodata        0x0000000000118dcc       0xae binaries/fdoprnt.o
 *fill*         0x0000000000118e7a        0x2 
 .rodata        0x0000000000118e7c       0x20 binaries/ttycontrol.o
 .rodata        0x0000000000118e9c       0x34 binaries/ttyhandler.o
 .rodata        0x0000000000118ed0       0x14 binaries/mount.o
 .rodata        0x0000000000118ee4       0x82 binaries/naminit.o
 *fill*         0x0000000000118f66        0x2 
 .rodata        0x0000000000118f68       0x46 binaries/ethinit.o
 *fill*         0x0000000000118fae        0x2 
 .rodata        0x0000000000118fb0       0x76 binaries/rdscomm.o
 *fill*         0x0000000000119026        0x2 
 .rodata        0x0000000000119028       0x89 binaries/rdscontrol.o
 *fill*         0x00000000001190b1        0x3 
 .rodata        0x00000000001190b4       0xcf binaries/rdsopen.o
 *fill*         0x0000000000119183        0x1 
 .rodata        0x0000000000119184       0x40 binaries/rdsprocess.o
 .rodata        0x00000000001191c4       0xe2 binaries/rdsqfcns.o
 .rodata        0x00000000001192a6        0x9 binaries/raminit.o
 *fill*         0x00000000001192af        0x1 
 .rodata        0x00000000001192b0       0x36 binaries/lfdballoc.o
 .rodata        0x00000000001192e6       0x14 binaries/lfiballoc.o
 *fill*         0x00000000001192fa        0x2 
 .rodata        0x00000000001192fc       0x22 binaries/lflcontrol.o
 *fill*         0x000000000011931e        0x2 
 .rodata        0x0000000000119320      0x118 binaries/lfsckfmt.o
 .rodata        0x0000000000119438       0x66 binaries/lfsopen.o
 *fill*         0x000000000011949e        0x2 
 .rodata        0x00000000001194a0       0x22 binaries/rflclose.o
 *fill*         0x00000000001194c2        0x2 
 .rodata        0x00000000001194c4       0x21 binaries/rflread.o
 *fill*         0x00000000001194e5        0x3 
 .rodata        0x00000000001194e8       0x21 binaries/rflwrite.o
 *fill*         0x0000000000119509        0x3 
 .rodata        0x000000000011950c       0xa1 binaries/rfscomm.o
 *fill*         0x00000000001195ad        0x3 
 .rodata        0x00000000001195b0       0x3c binaries/rfscontrol.o
 .rodata        0x00000000001195ec       0x2b binaries/rfsinit.o
 *fill*         0x0000000000119617        0x1 
 .rodata        0x0000000000119618       0x2a binaries/rfsndmsg.o
 *fill*         0x0000000000119642        0x2 
 .rodata        0x0000000000119644       0x21 binaries/rfsopen.o
 *fill*         0x0000000000119665        0x3 
 .rodata        0x0000000000119668       0x3a binaries/arp.o
 *fill*         0x00000000001196a2        0x2 
 .rodata        0x00000000001196a4       0xcf binaries/dhcp.o
 .rodata        0x0000000000119773       0x24 binaries/dns.o
 *fill*         0x0000000000119797        0x1 
 .rodata        0x0000000000119798       0xc9 binaries/hexdump.o
 *fill*         0x0000000000119861        0x3 
 .rodata        0x0000000000119864       0x29 binaries/icmp.o
 *fill*         0x000000000011988d        0x3 
 .rodata        0x0000000000119890       0x52 binaries/ip.o
 *fill*         0x00000000001198e2        0x2 
 .rodata        0x00000000001198e4       0x4f binaries/net.o
 *fill*         0x0000000000119933        0x1 
 .rodata        0x0000000000119934      0x26f binaries/pdump.o
 *fill*         0x0000000000119ba3        0x1 
 .rodata        0x0000000000119ba4      0x10c binaries/tftp.o
 *fill*         0x0000000000119cb0       0x10 
 .rodata        0x0000000000119cc0      0x38f binaries/shell.o
                0x0000000000119d60                cmdtab
 .rodata        0x000000000011a04f       0x28 binaries/xsh_argecho.o
 *fill*         0x000000000011a077        0x1 
 .rodata        0x000000000011a078      0x123 binaries/xsh_arp.o
 *fill*         0x000000000011a19b        0x1 
 .rodata        0x000000000011a19c       0xc9 binaries/xsh_cat.o
 .rodata        0x000000000011a265       0x19 binaries/xsh_clear.o
 *fill*         0x000000000011a27e        0x2 
 .rodata        0x000000000011a280      0x1c3 binaries/xsh_date.o
 .rodata        0x000000000011a443       0x5d binaries/xsh_devdump.o
 .rodata        0x000000000011a4a0        0x9 binaries/xsh_echo.o
 *fill*         0x000000000011a4a9        0x3 
 .rodata        0x000000000011a4ac      0x169 binaries/xsh_help.o
 *fill*         0x000000000011a615        0x3 
 .rodata        0x000000000011a618      0x12e binaries/xsh_kill.o
 *fill*         0x000000000011a746        0x2 
 .rodata        0x000000000011a748      0x190 binaries/xsh_ls.o
 .rodata        0x000000000011a8d8      0x266 binaries/xsh_memdump.o
 *fill*         0x000000000011ab3e        0x2 
 .rodata        0x000000000011ab40      0x225 binaries/xsh_memstat.o
 *fill*         0x000000000011ad65        0x3 
 .rodata        0x000000000011ad68      0x1b0 binaries/xsh_netinfo.o
 *fill*         0x000000000011af18        0x8 
 .rodata        0x000000000011af20      0x340 binaries/xsh_ns.o
 .rodata        0x000000000011b260      0x19d binaries/xsh_ping.o
 *fill*         0x000000000011b3fd        0x3 
 .rodata        0x000000000011b400      0x1e0 binaries/xsh_ps.o
 .rodata        0x000000000011b5e0       0xeb binaries/xsh_sleep.o
 *fill*         0x000000000011b6cb        0x1 
 .rodata        0x000000000011b6cc       0x94 binaries/xsh_tee.o
 .rodata        0x000000000011b760      0x1b8 binaries/xsh_udpdump.o
 .rodata        0x000000000011b918      0x27d binaries/xsh_udpecho.o
 *fill*         0x000000000011bb95        0x3 
 .rodata        0x000000000011bb98      0x12b binaries/xsh_udpserver.o
 *fill*         0x000000000011bcc3        0x1 
 .rodata        0x000000000011bcc4      0x105 binaries/xsh_uptime.o
                0x000000000011bdc9                etext = ABSOLUTE (.)
                0x000000000011c000                . = ALIGN (0x1000)
 *fill*         0x000000000011bdc9      0x237 

.eh_frame       0x000000000011c000     0x2e9c
 .eh_frame      0x000000000011c000       0x40 binaries/ascdate.o
 .eh_frame      0x000000000011c040       0x20 binaries/bufinit.o
                                         0x38 (size before relaxing)
 .eh_frame      0x000000000011c060       0x20 binaries/chprio.o
                                         0x38 (size before relaxing)
 .eh_frame      0x000000000011c080       0x20 binaries/clkhandler.o
                                         0x38 (size before relaxing)
 .eh_frame      0x000000000011c0a0       0x20 binaries/clkinit.o
                                         0x38 (size before relaxing)
 .eh_frame      0x000000000011c0c0       0x20 binaries/close.o
                                         0x38 (size before relaxing)
 .eh_frame      0x000000000011c0e0       0x20 binaries/control.o
                                         0x38 (size before relaxing)
 .eh_frame      0x000000000011c100       0x40 binaries/create.o
                                         0x58 (size before relaxing)
 .eh_frame      0x000000000011c140      0x104 binaries/early_imr.o
                                        0x11c (size before relaxing)
 .eh_frame      0x000000000011c244       0xe0 binaries/evec.o
                                         0xf8 (size before relaxing)
 .eh_frame      0x000000000011c324       0x20 binaries/exit.o
                                         0x38 (size before relaxing)
 .eh_frame      0x000000000011c344       0x20 binaries/freebuf.o
                                         0x38 (size before relaxing)
 .eh_frame      0x000000000011c364       0x20 binaries/freemem.o
                                         0x38 (size before relaxing)
 .eh_frame      0x000000000011c384       0x20 binaries/getbuf.o
                                         0x38 (size before relaxing)
 .eh_frame      0x000000000011c3a4       0x20 binaries/getc.o
                                         0x38 (size before relaxing)
 .eh_frame      0x000000000011c3c4       0x20 binaries/getdev.o
                                         0x38 (size before relaxing)
 .eh_frame      0x000000000011c3e4       0x60 binaries/getitem.o
                                         0x78 (size before relaxing)
 .eh_frame      0x000000000011c444       0x20 binaries/getmem.o
                                         0x38 (size before relaxing)
 .eh_frame      0x000000000011c464       0x20 binaries/getpid.o
                                         0x38 (size before relaxing)
 .eh_frame      0x000000000011c484       0x20 binaries/getprio.o
                                         0x38 (size before relaxing)
 .eh_frame      0x000000000011c4a4       0x20 binaries/getstk.o
                                         0x38 (size before relaxing)
 .eh_frame      0x000000000011c4c4       0x20 binaries/getticks.o
                                         0x38 (size before relaxing)
 .eh_frame      0x000000000011c4e4       0x20 binaries/gettime.o
                                         0x38 (size before relaxing)
 .eh_frame      0x000000000011c504       0x20 binaries/getutime.o
                                         0x38 (size before relaxing)
 .eh_frame      0x000000000011c524       0x20 binaries/init.o
                                         0x38 (size before relaxing)
 .eh_frame      0x000000000011c544       0xa0 binaries/initialize.o
                                         0xb8 (size before relaxing)
 .eh_frame      0x000000000011c5e4       0x20 binaries/insert.o
                                         0x38 (size before relaxing)
 .eh_frame      0x000000000011c604       0x20 binaries/insertd.o
                                         0x38 (size before relaxing)
 .eh_frame      0x000000000011c624       0x20 binaries/ioerr.o
                                         0x38 (size before relaxing)
 .eh_frame      0x000000000011c644       0x20 binaries/ionull.o
                                         0x38 (size before relaxing)
 .eh_frame      0x000000000011c664       0x20 binaries/kill.o
                                         0x38 (size before relaxing)
 .eh_frame      0x000000000011c684       0x60 binaries/kprintf.o
                                         0x78 (size before relaxing)
 .eh_frame      0x000000000011c6e4       0x1c binaries/main.o
                                         0x34 (size before relaxing)
 .eh_frame      0x000000000011c700       0x60 binaries/mark.o
                                         0x78 (size before relaxing)
 .eh_frame      0x000000000011c760       0x48 binaries/meminit.o
                                         0x60 (size before relaxing)
 .eh_frame      0x000000000011c7a8       0x20 binaries/mkbufpool.o
                                         0x38 (size before relaxing)
 .eh_frame      0x000000000011c7c8       0x20 binaries/newqueue.o
                                         0x38 (size before relaxing)
 .eh_frame      0x000000000011c7e8       0x20 binaries/open.o
                                         0x38 (size before relaxing)
 .eh_frame      0x000000000011c808       0x1c binaries/panic.o
                                         0x34 (size before relaxing)
 .eh_frame      0x000000000011c824      0x1e0 binaries/pci.o
                                        0x1f8 (size before relaxing)
 .eh_frame      0x000000000011ca04       0x60 binaries/platinit.o
                                         0x78 (size before relaxing)
 .eh_frame      0x000000000011ca64       0x20 binaries/ptclear.o
                                         0x38 (size before relaxing)
 .eh_frame      0x000000000011ca84       0x20 binaries/ptcount.o
                                         0x38 (size before relaxing)
 .eh_frame      0x000000000011caa4       0x20 binaries/ptcreate.o
                                         0x38 (size before relaxing)
 .eh_frame      0x000000000011cac4       0x20 binaries/ptdelete.o
                                         0x38 (size before relaxing)
 .eh_frame      0x000000000011cae4       0x20 binaries/ptinit.o
                                         0x38 (size before relaxing)
 .eh_frame      0x000000000011cb04       0x20 binaries/ptrecv.o
                                         0x38 (size before relaxing)
 .eh_frame      0x000000000011cb24       0x20 binaries/ptreset.o
                                         0x38 (size before relaxing)
 .eh_frame      0x000000000011cb44       0x20 binaries/ptsend.o
                                         0x38 (size before relaxing)
 .eh_frame      0x000000000011cb64       0x20 binaries/putc.o
                                         0x38 (size before relaxing)
 .eh_frame      0x000000000011cb84       0x20 binaries/quark_irq.o
                                         0x38 (size before relaxing)
 .eh_frame      0x000000000011cba4       0x40 binaries/quark_pdat.o
                                         0x58 (size before relaxing)
 .eh_frame      0x000000000011cbe4       0x40 binaries/queue.o
                                         0x58 (size before relaxing)
 .eh_frame      0x000000000011cc24       0x20 binaries/read.o
                                         0x38 (size before relaxing)
 .eh_frame      0x000000000011cc44       0x24 binaries/ready.o
                                         0x3c (size before relaxing)
 .eh_frame      0x000000000011cc68       0x20 binaries/receive.o
                                         0x38 (size before relaxing)
 .eh_frame      0x000000000011cc88       0x20 binaries/recvclr.o
                                         0x38 (size before relaxing)
 .eh_frame      0x000000000011cca8       0x20 binaries/recvtime.o
                                         0x38 (size before relaxing)
 .eh_frame      0x000000000011ccc8       0x40 binaries/resched.o
                                         0x58 (size before relaxing)
 .eh_frame      0x000000000011cd08       0x20 binaries/resume.o
                                         0x38 (size before relaxing)
 .eh_frame      0x000000000011cd28       0x20 binaries/seek.o
                                         0x38 (size before relaxing)
 .eh_frame      0x000000000011cd48       0x20 binaries/semcount.o
                                         0x38 (size before relaxing)
 .eh_frame      0x000000000011cd68       0x40 binaries/semcreate.o
                                         0x58 (size before relaxing)
 .eh_frame      0x000000000011cda8       0x20 binaries/semdelete.o
                                         0x38 (size before relaxing)
 .eh_frame      0x000000000011cdc8       0x20 binaries/semreset.o
                                         0x38 (size before relaxing)
 .eh_frame      0x000000000011cde8       0x20 binaries/send.o
                                         0x38 (size before relaxing)
 .eh_frame      0x000000000011ce08       0x20 binaries/signal.o
                                         0x38 (size before relaxing)
 .eh_frame      0x000000000011ce28       0x20 binaries/signaln.o
                                         0x38 (size before relaxing)
 .eh_frame      0x000000000011ce48       0x40 binaries/sleep.o
                                         0x58 (size before relaxing)
 .eh_frame      0x000000000011ce88       0x20 binaries/stacktrace.o
                                         0x38 (size before relaxing)
 .eh_frame      0x000000000011cea8       0x20 binaries/suspend.o
                                         0x38 (size before relaxing)
 .eh_frame      0x000000000011cec8       0x20 binaries/unsleep.o
                                         0x38 (size before relaxing)
 .eh_frame      0x000000000011cee8       0x20 binaries/userret.o
                                         0x38 (size before relaxing)
 .eh_frame      0x000000000011cf08       0x20 binaries/wait.o
                                         0x38 (size before relaxing)
 .eh_frame      0x000000000011cf28       0x20 binaries/wakeup.o
                                         0x38 (size before relaxing)
 .eh_frame      0x000000000011cf48       0x20 binaries/write.o
                                         0x38 (size before relaxing)
 .eh_frame      0x000000000011cf68       0x20 binaries/xdone.o
                                         0x38 (size before relaxing)
 .eh_frame      0x000000000011cf88       0x20 binaries/yield.o
                                         0x38 (size before relaxing)
 .eh_frame      0x000000000011cfa8       0x20 binaries/abs.o
                                         0x38 (size before relaxing)
 .eh_frame      0x000000000011cfc8       0x20 binaries/atoi.o
                                         0x38 (size before relaxing)
 .eh_frame      0x000000000011cfe8       0x20 binaries/atol.o
                                         0x38 (size before relaxing)
 .eh_frame      0x000000000011d008       0x20 binaries/bzero.o
                                         0x38 (size before relaxing)
 .eh_frame      0x000000000011d028       0xe4 binaries/doprnt.o
                                         0xfc (size before relaxing)
 .eh_frame      0x000000000011d10c       0xb0 binaries/doscan.o
                                         0xc8 (size before relaxing)
 .eh_frame      0x000000000011d1bc       0xc0 binaries/fdoprnt.o
                                         0xd8 (size before relaxing)
 .eh_frame      0x000000000011d27c       0x20 binaries/fgetc.o
                                         0x38 (size before relaxing)
 .eh_frame      0x000000000011d29c       0x20 binaries/fgets.o
                                         0x38 (size before relaxing)
 .eh_frame      0x000000000011d2bc       0x20 binaries/fprintf.o
                                         0x38 (size before relaxing)
 .eh_frame      0x000000000011d2dc       0x20 binaries/fputc.o
                                         0x38 (size before relaxing)
 .eh_frame      0x000000000011d2fc       0x20 binaries/fputs.o
                                         0x38 (size before relaxing)
 .eh_frame      0x000000000011d31c       0x60 binaries/fscanf.o
                                         0x78 (size before relaxing)
 .eh_frame      0x000000000011d37c       0x20 binaries/getchar.o
                                         0x38 (size before relaxing)
 .eh_frame      0x000000000011d39c       0x20 binaries/labs.o
                                         0x38 (size before relaxing)
 .eh_frame      0x000000000011d3bc       0x20 binaries/memcmp.o
                                         0x38 (size before relaxing)
 .eh_frame      0x000000000011d3dc       0x28 binaries/memcpy.o
                                         0x40 (size before relaxing)
 .eh_frame      0x000000000011d404       0x24 binaries/memset.o
                                         0x3c (size before relaxing)
 .eh_frame      0x000000000011d428       0x20 binaries/printf.o
                                         0x38 (size before relaxing)
 .eh_frame      0x000000000011d448       0x20 binaries/putchar.o
                                         0x38 (size before relaxing)
 .eh_frame      0x000000000011d468       0xa8 binaries/qsort.o
                                         0xc0 (size before relaxing)
 .eh_frame      0x000000000011d510       0x60 binaries/rand.o
                                         0x78 (size before relaxing)
 .eh_frame      0x000000000011d570       0x40 binaries/sprintf.o
                                         0x58 (size before relaxing)
 .eh_frame      0x000000000011d5b0       0x60 binaries/sscanf.o
                                         0x78 (size before relaxing)
 .eh_frame      0x000000000011d610       0x20 binaries/strchr.o
                                         0x38 (size before relaxing)
 .eh_frame      0x000000000011d630       0x20 binaries/strcmp.o
                                         0x38 (size before relaxing)
 .eh_frame      0x000000000011d650       0x20 binaries/strcpy.o
                                         0x38 (size before relaxing)
 .eh_frame      0x000000000011d670       0x20 binaries/strlen.o
                                         0x38 (size before relaxing)
 .eh_frame      0x000000000011d690       0x20 binaries/strncat.o
                                         0x38 (size before relaxing)
 .eh_frame      0x000000000011d6b0       0x20 binaries/strncmp.o
                                         0x38 (size before relaxing)
 .eh_frame      0x000000000011d6d0       0x28 binaries/strncpy.o
                                         0x40 (size before relaxing)
 .eh_frame      0x000000000011d6f8       0x20 binaries/strnlen.o
                                         0x38 (size before relaxing)
 .eh_frame      0x000000000011d718       0x20 binaries/strrchr.o
                                         0x38 (size before relaxing)
 .eh_frame      0x000000000011d738       0x20 binaries/strstr.o
                                         0x38 (size before relaxing)
 .eh_frame      0x000000000011d758       0x20 binaries/ttycontrol.o
                                         0x38 (size before relaxing)
 .eh_frame      0x000000000011d778       0x20 binaries/ttygetc.o
                                         0x38 (size before relaxing)
 .eh_frame      0x000000000011d798       0x80 binaries/ttyhandle_in.o
                                         0x98 (size before relaxing)
 .eh_frame      0x000000000011d818       0x20 binaries/ttyhandle_out.o
                                         0x38 (size before relaxing)
 .eh_frame      0x000000000011d838       0x20 binaries/ttyhandler.o
                                         0x38 (size before relaxing)
 .eh_frame      0x000000000011d858       0x20 binaries/ttyinit.o
                                         0x38 (size before relaxing)
 .eh_frame      0x000000000011d878       0x20 binaries/ttykickout.o
                                         0x38 (size before relaxing)
 .eh_frame      0x000000000011d898       0x20 binaries/ttyputc.o
                                         0x38 (size before relaxing)
 .eh_frame      0x000000000011d8b8       0x28 binaries/ttyread.o
                                         0x40 (size before relaxing)
 .eh_frame      0x000000000011d8e0       0x20 binaries/ttywrite.o
                                         0x38 (size before relaxing)
 .eh_frame      0x000000000011d900       0x40 binaries/mount.o
                                         0x58 (size before relaxing)
 .eh_frame      0x000000000011d940       0x20 binaries/naminit.o
                                         0x38 (size before relaxing)
 .eh_frame      0x000000000011d960       0x60 binaries/nammap.o
                                         0x78 (size before relaxing)
 .eh_frame      0x000000000011d9c0       0x20 binaries/namopen.o
                                         0x38 (size before relaxing)
 .eh_frame      0x000000000011d9e0       0x20 binaries/ethcontrol.o
                                         0x38 (size before relaxing)
 .eh_frame      0x000000000011da00       0x20 binaries/ethhandler.o
                                         0x38 (size before relaxing)
 .eh_frame      0x000000000011da20       0xa0 binaries/ethinit.o
                                         0xb8 (size before relaxing)
 .eh_frame      0x000000000011dac0       0x40 binaries/ethmcast.o
                                         0x58 (size before relaxing)
 .eh_frame      0x000000000011db00       0x20 binaries/ethread.o
                                         0x38 (size before relaxing)
 .eh_frame      0x000000000011db20       0x20 binaries/ethwrite.o
                                         0x38 (size before relaxing)
 .eh_frame      0x000000000011db40       0x20 binaries/rdsars.o
                                         0x38 (size before relaxing)
 .eh_frame      0x000000000011db60       0x20 binaries/rdscomm.o
                                         0x38 (size before relaxing)
 .eh_frame      0x000000000011db80       0x20 binaries/rdscontrol.o
                                         0x38 (size before relaxing)
 .eh_frame      0x000000000011dba0       0x20 binaries/rdsinit.o
                                         0x38 (size before relaxing)
 .eh_frame      0x000000000011dbc0       0x20 binaries/rdsopen.o
                                         0x38 (size before relaxing)
 .eh_frame      0x000000000011dbe0       0x1c binaries/rdsprocess.o
                                         0x34 (size before relaxing)
 .eh_frame      0x000000000011dbfc       0xc0 binaries/rdsqfcns.o
                                         0xd8 (size before relaxing)
 .eh_frame      0x000000000011dcbc       0x20 binaries/rdsread.o
                                         0x38 (size before relaxing)
 .eh_frame      0x000000000011dcdc       0x20 binaries/rdswrite.o
                                         0x38 (size before relaxing)
 .eh_frame      0x000000000011dcfc       0x20 binaries/ramclose.o
                                         0x38 (size before relaxing)
 .eh_frame      0x000000000011dd1c       0x20 binaries/raminit.o
                                         0x38 (size before relaxing)
 .eh_frame      0x000000000011dd3c       0x20 binaries/ramopen.o
                                         0x38 (size before relaxing)
 .eh_frame      0x000000000011dd5c       0x20 binaries/ramread.o
                                         0x38 (size before relaxing)
 .eh_frame      0x000000000011dd7c       0x20 binaries/ramwrite.o
                                         0x38 (size before relaxing)
 .eh_frame      0x000000000011dd9c       0x20 binaries/lfdballoc.o
                                         0x38 (size before relaxing)
 .eh_frame      0x000000000011ddbc       0x20 binaries/lfdbfree.o
                                         0x38 (size before relaxing)
 .eh_frame      0x000000000011dddc       0x20 binaries/lfflush.o
                                         0x38 (size before relaxing)
 .eh_frame      0x000000000011ddfc       0x20 binaries/lfgetmode.o
                                         0x38 (size before relaxing)
 .eh_frame      0x000000000011de1c       0x20 binaries/lfiballoc.o
                                         0x38 (size before relaxing)
 .eh_frame      0x000000000011de3c       0x20 binaries/lfibclear.o
                                         0x38 (size before relaxing)
 .eh_frame      0x000000000011de5c       0x20 binaries/lfibget.o
                                         0x38 (size before relaxing)
 .eh_frame      0x000000000011de7c       0x20 binaries/lfibput.o
                                         0x38 (size before relaxing)
 .eh_frame      0x000000000011de9c       0x20 binaries/lflclose.o
                                         0x38 (size before relaxing)
 .eh_frame      0x000000000011debc       0x20 binaries/lflcontrol.o
                                         0x38 (size before relaxing)
 .eh_frame      0x000000000011dedc       0x20 binaries/lflgetc.o
                                         0x38 (size before relaxing)
 .eh_frame      0x000000000011defc       0x20 binaries/lflinit.o
                                         0x38 (size before relaxing)
 .eh_frame      0x000000000011df1c       0x20 binaries/lflputc.o
                                         0x38 (size before relaxing)
 .eh_frame      0x000000000011df3c       0x20 binaries/lflread.o
                                         0x38 (size before relaxing)
 .eh_frame      0x000000000011df5c       0x20 binaries/lflseek.o
                                         0x38 (size before relaxing)
 .eh_frame      0x000000000011df7c       0x20 binaries/lflwrite.o
                                         0x38 (size before relaxing)
 .eh_frame      0x000000000011df9c       0x20 binaries/lfscheck.o
                                         0x38 (size before relaxing)
 .eh_frame      0x000000000011dfbc       0x20 binaries/lfsckfmt.o
                                         0x38 (size before relaxing)
 .eh_frame      0x000000000011dfdc       0x20 binaries/lfscreate.o
                                         0x38 (size before relaxing)
 .eh_frame      0x000000000011dffc       0x20 binaries/lfsetup.o
                                         0x38 (size before relaxing)
 .eh_frame      0x000000000011e01c       0x20 binaries/lfsinit.o
                                         0x38 (size before relaxing)
 .eh_frame      0x000000000011e03c       0x20 binaries/lfsopen.o
                                         0x38 (size before relaxing)
 .eh_frame      0x000000000011e05c       0x20 binaries/lftruncate.o
                                         0x38 (size before relaxing)
 .eh_frame      0x000000000011e07c       0x20 binaries/rflclose.o
                                         0x38 (size before relaxing)
 .eh_frame      0x000000000011e09c       0x20 binaries/rflgetc.o
                                         0x38 (size before relaxing)
 .eh_frame      0x000000000011e0bc       0x20 binaries/rflinit.o
                                         0x38 (size before relaxing)
 .eh_frame      0x000000000011e0dc       0x20 binaries/rflputc.o
                                         0x38 (size before relaxing)
 .eh_frame      0x000000000011e0fc       0x20 binaries/rflread.o
                                         0x38 (size before relaxing)
 .eh_frame      0x000000000011e11c       0x20 binaries/rflseek.o
                                         0x38 (size before relaxing)
 .eh_frame      0x000000000011e13c       0x20 binaries/rflwrite.o
                                         0x38 (size before relaxing)
 .eh_frame      0x000000000011e15c       0x20 binaries/rfscomm.o
                                         0x38 (size before relaxing)
 .eh_frame      0x000000000011e17c       0x20 binaries/rfscontrol.o
                                         0x38 (size before relaxing)
 .eh_frame      0x000000000011e19c       0x20 binaries/rfsgetmode.o
                                         0x38 (size before relaxing)
 .eh_frame      0x000000000011e1bc       0x20 binaries/rfsinit.o
                                         0x38 (size before relaxing)
 .eh_frame      0x000000000011e1dc       0x20 binaries/rfsndmsg.o
                                         0x38 (size before relaxing)
 .eh_frame      0x000000000011e1fc       0x20 binaries/rfsopen.o
                                         0x38 (size before relaxing)
 .eh_frame      0x000000000011e21c       0x20 binaries/pipe_close.o
                                         0x38 (size before relaxing)
 .eh_frame      0x000000000011e23c       0x20 binaries/pipe_getc.o
                                         0x38 (size before relaxing)
 .eh_frame      0x000000000011e25c       0x20 binaries/pipe_init.o
                                         0x38 (size before relaxing)
 .eh_frame      0x000000000011e27c       0x20 binaries/pipe_open.o
                                         0x38 (size before relaxing)
 .eh_frame      0x000000000011e29c       0x20 binaries/pipe_putc.o
                                         0x38 (size before relaxing)
 .eh_frame      0x000000000011e2bc       0x20 binaries/pipe_read.o
                                         0x38 (size before relaxing)
 .eh_frame      0x000000000011e2dc       0x20 binaries/pipe_write.o
                                         0x38 (size before relaxing)
 .eh_frame      0x000000000011e2fc       0xc0 binaries/arp.o
                                         0xd8 (size before relaxing)
 .eh_frame      0x000000000011e3bc       0xa0 binaries/dhcp.o
                                         0xb8 (size before relaxing)
 .eh_frame      0x000000000011e45c       0x80 binaries/dns.o
                                         0x98 (size before relaxing)
 .eh_frame      0x000000000011e4dc       0x20 binaries/dot2ip.o
                                         0x38 (size before relaxing)
 .eh_frame      0x000000000011e4fc       0x40 binaries/hexdump.o
                                         0x58 (size before relaxing)
 .eh_frame      0x000000000011e53c      0x150 binaries/icmp.o
                                        0x168 (size before relaxing)
 .eh_frame      0x000000000011e68c      0x11c binaries/ip.o
                                        0x134 (size before relaxing)
 .eh_frame      0x000000000011e7a8       0xa0 binaries/net.o
                                         0xb8 (size before relaxing)
 .eh_frame      0x000000000011e848       0x60 binaries/pdump.o
                                         0x78 (size before relaxing)
 .eh_frame      0x000000000011e8a8       0x4c binaries/tftp.o
                                         0x64 (size before relaxing)
 .eh_frame      0x000000000011e8f4      0x140 binaries/udp.o
                                        0x158 (size before relaxing)
 .eh_frame      0x000000000011ea34       0x28 binaries/addargs.o
                                         0x40 (size before relaxing)
 .eh_frame      0x000000000011ea5c       0x20 binaries/lexan.o
                                         0x38 (size before relaxing)
 .eh_frame      0x000000000011ea7c       0x50 binaries/shell.o
                                         0x68 (size before relaxing)
 .eh_frame      0x000000000011eacc       0x20 binaries/xsh_argecho.o
                                         0x38 (size before relaxing)
 .eh_frame      0x000000000011eaec       0x40 binaries/xsh_arp.o
                                         0x58 (size before relaxing)
 .eh_frame      0x000000000011eb2c       0x20 binaries/xsh_cat.o
                                         0x38 (size before relaxing)
 .eh_frame      0x000000000011eb4c       0x20 binaries/xsh_clear.o
                                         0x38 (size before relaxing)
 .eh_frame      0x000000000011eb6c       0x20 binaries/xsh_date.o
                                         0x38 (size before relaxing)
 .eh_frame      0x000000000011eb8c       0x20 binaries/xsh_devdump.o
                                         0x38 (size before relaxing)
 .eh_frame      0x000000000011ebac       0x20 binaries/xsh_echo.o
                                         0x38 (size before relaxing)
 .eh_frame      0x000000000011ebcc       0x20 binaries/xsh_exit.o
                                         0x38 (size before relaxing)
 .eh_frame      0x000000000011ebec       0x2c binaries/xsh_help.o
                                         0x44 (size before relaxing)
 .eh_frame      0x000000000011ec18       0x20 binaries/xsh_kill.o
                                         0x38 (size before relaxing)
 .eh_frame      0x000000000011ec38       0x2c binaries/xsh_ls.o
                                         0x44 (size before relaxing)
 .eh_frame      0x000000000011ec64       0x40 binaries/xsh_memdump.o
                                         0x58 (size before relaxing)
 .eh_frame      0x000000000011eca4       0x60 binaries/xsh_memstat.o
                                         0x78 (size before relaxing)
 .eh_frame      0x000000000011ed04       0x30 binaries/xsh_netinfo.o
                                         0x48 (size before relaxing)
 .eh_frame      0x000000000011ed34       0x30 binaries/xsh_ns.o
                                         0x48 (size before relaxing)
 .eh_frame      0x000000000011ed64       0x28 binaries/xsh_ping.o
                                         0x40 (size before relaxing)
 .eh_frame      0x000000000011ed8c       0x30 binaries/xsh_ps.o
                                         0x48 (size before relaxing)
 .eh_frame      0x000000000011edbc       0x20 binaries/xsh_sleep.o
                                         0x38 (size before relaxing)
 .eh_frame      0x000000000011eddc       0x28 binaries/xsh_tee.o
                                         0x40 (size before relaxing)
 .eh_frame      0x000000000011ee04       0x20 binaries/xsh_udpdump.o
                                         0x38 (size before relaxing)
 .eh_frame      0x000000000011ee24       0x30 binaries/xsh_udpecho.o
                                         0x48 (size before relaxing)
 .eh_frame      0x000000000011ee54       0x28 binaries/xsh_udpserver.o
                                         0x40 (size before relaxing)
 .eh_frame      0x000000000011ee7c       0x20 binaries/xsh_uptime.o
                                         0x38 (size before relaxing)

.iplt           0x000000000011ee9c        0x0
 .iplt          0x000000000011ee9c        0x0 binaries/start.o

.rel.dyn        0x000000000011ee9c        0x0
 .rel.got       0x000000000011ee9c        0x0 binaries/start.o
 .rel.iplt      0x000000000011ee9c        0x0 binaries/start.o
 .rel.text      0x000000000011ee9c        0x0 binaries/start.o

.data           0x000000000011eea0     0x2160
                0x000000000011eea0                data = ABSOLUTE (.)
 *(.data .data.*)
 .data          0x000000000011eea0      0x83a binaries/start.o
                0x000000000011eea0                gdt
                0x000000000011eed0                idt
                0x000000000011f6d6                cpudelay
 *fill*         0x000000000011f6da        0x6 
[...]
 .comment       0x0000000000000023       0x24 binaries/xsh_devdump.o
 .comment       0x0000000000000023       0x24 binaries/xsh_echo.o
 .comment       0x0000000000000023       0x24 binaries/xsh_exit.o
 .comment       0x0000000000000023       0x24 binaries/xsh_help.o
 .comment       0x0000000000000023       0x24 binaries/xsh_kill.o
 .comment       0x0000000000000023       0x24 binaries/xsh_ls.o
 .comment       0x0000000000000023       0x24 binaries/xsh_memdump.o
 .comment       0x0000000000000023       0x24 binaries/xsh_memstat.o
 .comment       0x0000000000000023       0x24 binaries/xsh_netinfo.o
 .comment       0x0000000000000023       0x24 binaries/xsh_ns.o
 .comment       0x0000000000000023       0x24 binaries/xsh_ping.o
 .comment       0x0000000000000023       0x24 binaries/xsh_ps.o
 .comment       0x0000000000000023       0x24 binaries/xsh_sleep.o
 .comment       0x0000000000000023       0x24 binaries/xsh_tee.o
 .comment       0x0000000000000023       0x24 binaries/xsh_udpdump.o
 .comment       0x0000000000000023       0x24 binaries/xsh_udpecho.o
 .comment       0x0000000000000023       0x24 binaries/xsh_udpserver.o
 .comment       0x0000000000000023       0x24 binaries/xsh_uptime.o

.note.GNU-stack
                0x0000000000000000        0x0
 .note.GNU-stack
                0x0000000000000000        0x0 binaries/ascdate.o
 .note.GNU-stack
                0x0000000000000000        0x0 binaries/bufinit.o
 .note.GNU-stack
                0x0000000000000000        0x0 binaries/chprio.o
 .note.GNU-stack
                0x0000000000000000        0x0 binaries/clkhandler.o
 .note.GNU-stack
                0x0000000000000000        0x0 binaries/clkinit.o
 .note.GNU-stack
                0x0000000000000000        0x0 binaries/close.o
 .note.GNU-stack
                0x0000000000000000        0x0 binaries/conf.o
 .note.GNU-stack
                0x0000000000000000        0x0 binaries/control.o
 .note.GNU-stack
                0x0000000000000000        0x0 binaries/create.o
 .note.GNU-stack
                0x0000000000000000        0x0 binaries/early_imr.o
 .note.GNU-stack
                0x0000000000000000        0x0 binaries/evec.o
 .note.GNU-stack
                0x0000000000000000        0x0 binaries/exit.o
 .note.GNU-stack
                0x0000000000000000        0x0 binaries/freebuf.o
 .note.GNU-stack
                0x0000000000000000        0x0 binaries/freemem.o
 .note.GNU-stack
                0x0000000000000000        0x0 binaries/getbuf.o
 .note.GNU-stack
                0x0000000000000000        0x0 binaries/getc.o
 .note.GNU-stack
                0x0000000000000000        0x0 binaries/getdev.o
 .note.GNU-stack
                0x0000000000000000        0x0 binaries/getitem.o
 .note.GNU-stack
                0x0000000000000000        0x0 binaries/getmem.o
 .note.GNU-stack
                0x0000000000000000        0x0 binaries/getpid.o
 .note.GNU-stack
                0x0000000000000000        0x0 binaries/getprio.o
 .note.GNU-stack
                0x0000000000000000        0x0 binaries/getstk.o
 .note.GNU-stack
                0x0000000000000000        0x0 binaries/getticks.o
 .note.GNU-stack
                0x0000000000000000        0x0 binaries/gettime.o
 .note.GNU-stack
                0x0000000000000000        0x0 binaries/getutime.o
 .note.GNU-stack
                0x0000000000000000        0x0 binaries/init.o
 .note.GNU-stack
                0x0000000000000000        0x0 binaries/initialize.o
 .note.GNU-stack
                0x0000000000000000        0x0 binaries/insert.o
 .note.GNU-stack
                0x0000000000000000        0x0 binaries/insertd.o
 .note.GNU-stack
                0x0000000000000000        0x0 binaries/ioerr.o
 .note.GNU-stack
                0x0000000000000000        0x0 binaries/ionull.o
 .note.GNU-stack
                0x0000000000000000        0x0 binaries/kill.o
 .note.GNU-stack
                0x0000000000000000        0x0 binaries/kprintf.o
 .note.GNU-stack
                0x0000000000000000        0x0 binaries/main.o
 .note.GNU-stack
                0x0000000000000000        0x0 binaries/mark.o
 .note.GNU-stack
                0x0000000000000000        0x0 binaries/meminit.o
 .note.GNU-stack
                0x0000000000000000        0x0 binaries/mkbufpool.o
 .note.GNU-stack
                0x0000000000000000        0x0 binaries/newqueue.o
 .note.GNU-stack
                0x0000000000000000        0x0 binaries/open.o
 .note.GNU-stack
                0x0000000000000000        0x0 binaries/panic.o
 .note.GNU-stack
                0x0000000000000000        0x0 binaries/pci.o
 .note.GNU-stack
                0x0000000000000000        0x0 binaries/platinit.o
 .note.GNU-stack
                0x0000000000000000        0x0 binaries/ptclear.o
 .note.GNU-stack
                0x0000000000000000        0x0 binaries/ptcount.o
 .note.GNU-stack
                0x0000000000000000        0x0 binaries/ptcreate.o
 .note.GNU-stack
                0x0000000000000000        0x0 binaries/ptdelete.o
 .note.GNU-stack
                0x0000000000000000        0x0 binaries/ptinit.o
 .note.GNU-stack
                0x0000000000000000        0x0 binaries/ptrecv.o
 .note.GNU-stack
                0x0000000000000000        0x0 binaries/ptreset.o
 .note.GNU-stack
                0x0000000000000000        0x0 binaries/ptsend.o
 .note.GNU-stack
                0x0000000000000000        0x0 binaries/putc.o
 .note.GNU-stack
                0x0000000000000000        0x0 binaries/quark_irq.o
 .note.GNU-stack
                0x0000000000000000        0x0 binaries/quark_pdat.o
 .note.GNU-stack
                0x0000000000000000        0x0 binaries/queue.o
 .note.GNU-stack
                0x0000000000000000        0x0 binaries/read.o
 .note.GNU-stack
                0x0000000000000000        0x0 binaries/ready.o
 .note.GNU-stack
                0x0000000000000000        0x0 binaries/receive.o
 .note.GNU-stack
                0x0000000000000000        0x0 binaries/recvclr.o
 .note.GNU-stack
                0x0000000000000000        0x0 binaries/recvtime.o
 .note.GNU-stack
                0x0000000000000000        0x0 binaries/resched.o
 .note.GNU-stack
                0x0000000000000000        0x0 binaries/resume.o
 .note.GNU-stack
                0x0000000000000000        0x0 binaries/seek.o
 .note.GNU-stack
                0x0000000000000000        0x0 binaries/semcount.o
 .note.GNU-stack
                0x0000000000000000        0x0 binaries/semcreate.o
 .note.GNU-stack
                0x0000000000000000        0x0 binaries/semdelete.o
 .note.GNU-stack
                0x0000000000000000        0x0 binaries/semreset.o
 .note.GNU-stack
                0x0000000000000000        0x0 binaries/send.o
 .note.GNU-stack
                0x0000000000000000        0x0 binaries/signal.o
 .note.GNU-stack
                0x0000000000000000        0x0 binaries/signaln.o
 .note.GNU-stack
                0x0000000000000000        0x0 binaries/sleep.o
 .note.GNU-stack
                0x0000000000000000        0x0 binaries/stacktrace.o
 .note.GNU-stack
                0x0000000000000000        0x0 binaries/suspend.o
 .note.GNU-stack
                0x0000000000000000        0x0 binaries/unsleep.o
 .note.GNU-stack
                0x0000000000000000        0x0 binaries/userret.o
 .note.GNU-stack
                0x0000000000000000        0x0 binaries/wait.o
 .note.GNU-stack
                0x0000000000000000        0x0 binaries/wakeup.o
 .note.GNU-stack
                0x0000000000000000        0x0 binaries/write.o
 .note.GNU-stack
                0x0000000000000000        0x0 binaries/xdone.o
 .note.GNU-stack
                0x0000000000000000        0x0 binaries/yield.o
 .note.GNU-stack
                0x0000000000000000        0x0 binaries/abs.o
 .note.GNU-stack
                0x0000000000000000        0x0 binaries/atoi.o
 .note.GNU-stack
                0x0000000000000000        0x0 binaries/atol.o
 .note.GNU-stack
                0x0000000000000000        0x0 binaries/bzero.o
 .note.GNU-stack
                0x0000000000000000        0x0 binaries/ctype_.o
 .note.GNU-stack
                0x0000000000000000        0x0 binaries/doprnt.o
 .note.GNU-stack
                0x0000000000000000        0x0 binaries/doscan.o
 .note.GNU-stack
                0x0000000000000000        0x0 binaries/fdoprnt.o
 .note.GNU-stack
                0x0000000000000000        0x0 binaries/fgetc.o
 .note.GNU-stack
                0x0000000000000000        0x0 binaries/fgets.o
 .note.GNU-stack
                0x0000000000000000        0x0 binaries/fprintf.o
 .note.GNU-stack
                0x0000000000000000        0x0 binaries/fputc.o
 .note.GNU-stack
                0x0000000000000000        0x0 binaries/fputs.o
 .note.GNU-stack
                0x0000000000000000        0x0 binaries/fscanf.o
 .note.GNU-stack
                0x0000000000000000        0x0 binaries/getchar.o
 .note.GNU-stack
                0x0000000000000000        0x0 binaries/labs.o
 .note.GNU-stack
                0x0000000000000000        0x0 binaries/memcmp.o
 .note.GNU-stack
                0x0000000000000000        0x0 binaries/memcpy.o
 .note.GNU-stack
                0x0000000000000000        0x0 binaries/memset.o
 .note.GNU-stack
                0x0000000000000000        0x0 binaries/printf.o
 .note.GNU-stack
                0x0000000000000000        0x0 binaries/putchar.o
 .note.GNU-stack
                0x0000000000000000        0x0 binaries/qsort.o
 .note.GNU-stack
                0x0000000000000000        0x0 binaries/rand.o
 .note.GNU-stack
                0x0000000000000000        0x0 binaries/sprintf.o
 .note.GNU-stack
                0x0000000000000000        0x0 binaries/sscanf.o
 .note.GNU-stack
                0x0000000000000000        0x0 binaries/strchr.o
 .note.GNU-stack
                0x0000000000000000        0x0 binaries/strcmp.o
 .note.GNU-stack
                0x0000000000000000        0x0 binaries/strcpy.o
 .note.GNU-stack
                0x0000000000000000        0x0 binaries/strlen.o
 .note.GNU-stack
                0x0000000000000000        0x0 binaries/strncat.o
 .note.GNU-stack
                0x0000000000000000        0x0 binaries/strncmp.o
 .note.GNU-stack
                0x0000000000000000        0x0 binaries/strncpy.o
 .note.GNU-stack
                0x0000000000000000        0x0 binaries/strnlen.o
 .note.GNU-stack
                0x0000000000000000        0x0 binaries/strrchr.o
 .note.GNU-stack
                0x0000000000000000        0x0 binaries/strstr.o
 .note.GNU-stack
                0x0000000000000000        0x0 binaries/ttycontrol.o
 .note.GNU-stack
                0x0000000000000000        0x0 binaries/ttygetc.o
 .note.GNU-stack
                0x0000000000000000        0x0 binaries/ttyhandle_in.o
 .note.GNU-stack
                0x0000000000000000        0x0 binaries/ttyhandle_out.o
 .note.GNU-stack
                0x0000000000000000        0x0 binaries/ttyhandler.o
 .note.GNU-stack
                0x0000000000000000        0x0 binaries/ttyinit.o
 .note.GNU-stack
                0x0000000000000000        0x0 binaries/ttykickout.o
 .note.GNU-stack
                0x0000000000000000        0x0 binaries/ttyputc.o
 .note.GNU-stack
                0x0000000000000000        0x0 binaries/ttyread.o
 .note.GNU-stack
                0x0000000000000000        0x0 binaries/ttywrite.o
 .note.GNU-stack
                0x0000000000000000        0x0 binaries/mount.o
 .note.GNU-stack
                0x0000000000000000        0x0 binaries/naminit.o
 .note.GNU-stack
                0x0000000000000000        0x0 binaries/nammap.o
 .note.GNU-stack
                0x0000000000000000        0x0 binaries/namopen.o
 .note.GNU-stack
                0x0000000000000000        0x0 binaries/ethcontrol.o
 .note.GNU-stack
                0x0000000000000000        0x0 binaries/ethhandler.o
 .note.GNU-stack
                0x0000000000000000        0x0 binaries/ethinit.o
 .note.GNU-stack
                0x0000000000000000        0x0 binaries/ethmcast.o
 .note.GNU-stack
                0x0000000000000000        0x0 binaries/ethread.o
 .note.GNU-stack
                0x0000000000000000        0x0 binaries/ethwrite.o
 .note.GNU-stack
                0x0000000000000000        0x0 binaries/rdsars.o
 .note.GNU-stack
                0x0000000000000000        0x0 binaries/rdscomm.o
 .note.GNU-stack
                0x0000000000000000        0x0 binaries/rdscontrol.o
 .note.GNU-stack
                0x0000000000000000        0x0 binaries/rdsinit.o
 .note.GNU-stack
                0x0000000000000000        0x0 binaries/rdsopen.o
 .note.GNU-stack
                0x0000000000000000        0x0 binaries/rdsprocess.o
 .note.GNU-stack
                0x0000000000000000        0x0 binaries/rdsqfcns.o
 .note.GNU-stack
                0x0000000000000000        0x0 binaries/rdsread.o
 .note.GNU-stack
                0x0000000000000000        0x0 binaries/rdswrite.o
 .note.GNU-stack
                0x0000000000000000        0x0 binaries/ramclose.o
 .note.GNU-stack
                0x0000000000000000        0x0 binaries/raminit.o
 .note.GNU-stack
                0x0000000000000000        0x0 binaries/ramopen.o
 .note.GNU-stack
                0x0000000000000000        0x0 binaries/ramread.o
 .note.GNU-stack
                0x0000000000000000        0x0 binaries/ramwrite.o
 .note.GNU-stack
                0x0000000000000000        0x0 binaries/lfdballoc.o
 .note.GNU-stack
                0x0000000000000000        0x0 binaries/lfdbfree.o
 .note.GNU-stack
                0x0000000000000000        0x0 binaries/lfflush.o
 .note.GNU-stack
                0x0000000000000000        0x0 binaries/lfgetmode.o
 .note.GNU-stack
                0x0000000000000000        0x0 binaries/lfiballoc.o
 .note.GNU-stack
                0x0000000000000000        0x0 binaries/lfibclear.o
 .note.GNU-stack
                0x0000000000000000        0x0 binaries/lfibget.o
 .note.GNU-stack
                0x0000000000000000        0x0 binaries/lfibput.o
 .note.GNU-stack
                0x0000000000000000        0x0 binaries/lflclose.o
 .note.GNU-stack
                0x0000000000000000        0x0 binaries/lflcontrol.o
 .note.GNU-stack
                0x0000000000000000        0x0 binaries/lflgetc.o
 .note.GNU-stack
                0x0000000000000000        0x0 binaries/lflinit.o
 .note.GNU-stack
                0x0000000000000000        0x0 binaries/lflputc.o
 .note.GNU-stack
                0x0000000000000000        0x0 binaries/lflread.o
 .note.GNU-stack
                0x0000000000000000        0x0 binaries/lflseek.o
 .note.GNU-stack
                0x0000000000000000        0x0 binaries/lflwrite.o
 .note.GNU-stack
                0x0000000000000000        0x0 binaries/lfscheck.o
 .note.GNU-stack
                0x0000000000000000        0x0 binaries/lfsckfmt.o
 .note.GNU-stack
                0x0000000000000000        0x0 binaries/lfscreate.o
 .note.GNU-stack
                0x0000000000000000        0x0 binaries/lfsetup.o
 .note.GNU-stack
                0x0000000000000000        0x0 binaries/lfsinit.o
 .note.GNU-stack
                0x0000000000000000        0x0 binaries/lfsopen.o
 .note.GNU-stack
                0x0000000000000000        0x0 binaries/lftruncate.o
 .note.GNU-stack
                0x0000000000000000        0x0 binaries/rflclose.o
 .note.GNU-stack
                0x0000000000000000        0x0 binaries/rflgetc.o
 .note.GNU-stack
                0x0000000000000000        0x0 binaries/rflinit.o
 .note.GNU-stack
                0x0000000000000000        0x0 binaries/rflputc.o
 .note.GNU-stack
                0x0000000000000000        0x0 binaries/rflread.o
 .note.GNU-stack
                0x0000000000000000        0x0 binaries/rflseek.o
 .note.GNU-stack
                0x0000000000000000        0x0 binaries/rflwrite.o
 .note.GNU-stack
                0x0000000000000000        0x0 binaries/rfscomm.o
 .note.GNU-stack
                0x0000000000000000        0x0 binaries/rfscontrol.o
 .note.GNU-stack
                0x0000000000000000        0x0 binaries/rfsgetmode.o
 .note.GNU-stack
                0x0000000000000000        0x0 binaries/rfsinit.o
 .note.GNU-stack
                0x0000000000000000        0x0 binaries/rfsndmsg.o
 .note.GNU-stack
                0x0000000000000000        0x0 binaries/rfsopen.o
 .note.GNU-stack
                0x0000000000000000        0x0 binaries/pipe_close.o
 .note.GNU-stack
                0x0000000000000000        0x0 binaries/pipe_getc.o
 .note.GNU-stack
                0x0000000000000000        0x0 binaries/pipe_init.o
 .note.GNU-stack
                0x0000000000000000        0x0 binaries/pipe_open.o
 .note.GNU-stack
                0x0000000000000000        0x0 binaries/pipe_putc.o
 .note.GNU-stack
                0x0000000000000000        0x0 binaries/pipe_read.o
 .note.GNU-stack
                0x0000000000000000        0x0 binaries/pipe_write.o
 .note.GNU-stack
                0x0000000000000000        0x0 binaries/arp.o
 .note.GNU-stack
                0x0000000000000000        0x0 binaries/dhcp.o
 .note.GNU-stack
                0x0000000000000000        0x0 binaries/dns.o
 .note.GNU-stack
                0x0000000000000000        0x0 binaries/dot2ip.o
 .note.GNU-stack
                0x0000000000000000        0x0 binaries/hexdump.o
 .note.GNU-stack
                0x0000000000000000        0x0 binaries/icmp.o
 .note.GNU-stack
                0x0000000000000000        0x0 binaries/ip.o
 .note.GNU-stack
                0x0000000000000000        0x0 binaries/net.o
 .note.GNU-stack
                0x0000000000000000        0x0 binaries/pdump.o
 .note.GNU-stack
                0x0000000000000000        0x0 binaries/tftp.o
 .note.GNU-stack
                0x0000000000000000        0x0 binaries/udp.o
 .note.GNU-stack
                0x0000000000000000        0x0 binaries/addargs.o
 .note.GNU-stack
                0x0000000000000000        0x0 binaries/lexan.o
 .note.GNU-stack
                0x0000000000000000        0x0 binaries/shell.o
 .note.GNU-stack
                0x0000000000000000        0x0 binaries/xsh_argecho.o
 .note.GNU-stack
                0x0000000000000000        0x0 binaries/xsh_arp.o
 .note.GNU-stack
                0x0000000000000000        0x0 binaries/xsh_cat.o
 .note.GNU-stack
                0x0000000000000000        0x0 binaries/xsh_clear.o
 .note.GNU-stack
                0x0000000000000000        0x0 binaries/xsh_date.o
 .note.GNU-stack
                0x0000000000000000        0x0 binaries/xsh_devdump.o
 .note.GNU-stack
                0x0000000000000000        0x0 binaries/xsh_echo.o
 .note.GNU-stack
                0x0000000000000000        0x0 binaries/xsh_exit.o
 .note.GNU-stack
                0x0000000000000000        0x0 binaries/xsh_help.o
 .note.GNU-stack
                0x0000000000000000        0x0 binaries/xsh_kill.o
 .note.GNU-stack
                0x0000000000000000        0x0 binaries/xsh_ls.o
 .note.GNU-stack
                0x0000000000000000        0x0 binaries/xsh_memdump.o
 .note.GNU-stack
                0x0000000000000000        0x0 binaries/xsh_memstat.o
 .note.GNU-stack
                0x0000000000000000        0x0 binaries/xsh_netinfo.o
 .note.GNU-stack
                0x0000000000000000        0x0 binaries/xsh_ns.o
 .note.GNU-stack
                0x0000000000000000        0x0 binaries/xsh_ping.o
 .note.GNU-stack
                0x0000000000000000        0x0 binaries/xsh_ps.o
 .note.GNU-stack
                0x0000000000000000        0x0 binaries/xsh_sleep.o
 .note.GNU-stack
                0x0000000000000000        0x0 binaries/xsh_tee.o
 .note.GNU-stack
                0x0000000000000000        0x0 binaries/xsh_udpdump.o
 .note.GNU-stack
                0x0000000000000000        0x0 binaries/xsh_udpecho.o
 .note.GNU-stack
                0x0000000000000000        0x0 binaries/xsh_udpserver.o
 .note.GNU-stack
                0x0000000000000000        0x0 binaries/xsh_uptime.o
